Archive member included to satisfy reference by file (symbol)

/Applications/STM32CubeIDE.app/Contents/Eclipse/plugins/com.st.stm32cube.ide.mcu.externaltools.gnu-tools-for-stm32.12.3.rel1.macos64_1.0.100.202403111906/tools/bin/../lib/gcc/arm-none-eabi/12.3.1/../../../../arm-none-eabi/lib/thumb/v7e-m+fp/hard/libc_nano.a(libc_a-exit.o)
                              /Applications/STM32CubeIDE.app/Contents/Eclipse/plugins/com.st.stm32cube.ide.mcu.externaltools.gnu-tools-for-stm32.12.3.rel1.macos64_1.0.100.202403111906/tools/bin/../lib/gcc/arm-none-eabi/12.3.1/../../../../arm-none-eabi/lib/thumb/v7e-m+fp/hard/crt0.o (exit)
/Applications/STM32CubeIDE.app/Contents/Eclipse/plugins/com.st.stm32cube.ide.mcu.externaltools.gnu-tools-for-stm32.12.3.rel1.macos64_1.0.100.202403111906/tools/bin/../lib/gcc/arm-none-eabi/12.3.1/../../../../arm-none-eabi/lib/thumb/v7e-m+fp/hard/libc_nano.a(libc_a-findfp.o)
                              /Applications/STM32CubeIDE.app/Contents/Eclipse/plugins/com.st.stm32cube.ide.mcu.externaltools.gnu-tools-for-stm32.12.3.rel1.macos64_1.0.100.202403111906/tools/bin/../lib/gcc/arm-none-eabi/12.3.1/../../../../arm-none-eabi/lib/thumb/v7e-m+fp/hard/libc_nano.a(libc_a-exit.o) (__stdio_exit_handler)
/Applications/STM32CubeIDE.app/Contents/Eclipse/plugins/com.st.stm32cube.ide.mcu.externaltools.gnu-tools-for-stm32.12.3.rel1.macos64_1.0.100.202403111906/tools/bin/../lib/gcc/arm-none-eabi/12.3.1/../../../../arm-none-eabi/lib/thumb/v7e-m+fp/hard/libc_nano.a(libc_a-fwalk.o)
                              /Applications/STM32CubeIDE.app/Contents/Eclipse/plugins/com.st.stm32cube.ide.mcu.externaltools.gnu-tools-for-stm32.12.3.rel1.macos64_1.0.100.202403111906/tools/bin/../lib/gcc/arm-none-eabi/12.3.1/../../../../arm-none-eabi/lib/thumb/v7e-m+fp/hard/libc_nano.a(libc_a-findfp.o) (_fwalk_sglue)
/Applications/STM32CubeIDE.app/Contents/Eclipse/plugins/com.st.stm32cube.ide.mcu.externaltools.gnu-tools-for-stm32.12.3.rel1.macos64_1.0.100.202403111906/tools/bin/../lib/gcc/arm-none-eabi/12.3.1/../../../../arm-none-eabi/lib/thumb/v7e-m+fp/hard/libc_nano.a(libc_a-memset.o)
                              /Applications/STM32CubeIDE.app/Contents/Eclipse/plugins/com.st.stm32cube.ide.mcu.externaltools.gnu-tools-for-stm32.12.3.rel1.macos64_1.0.100.202403111906/tools/bin/../lib/gcc/arm-none-eabi/12.3.1/../../../../arm-none-eabi/lib/thumb/v7e-m+fp/hard/crt0.o (memset)
/Applications/STM32CubeIDE.app/Contents/Eclipse/plugins/com.st.stm32cube.ide.mcu.externaltools.gnu-tools-for-stm32.12.3.rel1.macos64_1.0.100.202403111906/tools/bin/../lib/gcc/arm-none-eabi/12.3.1/../../../../arm-none-eabi/lib/thumb/v7e-m+fp/hard/libc_nano.a(libc_a-impure.o)
                              /Applications/STM32CubeIDE.app/Contents/Eclipse/plugins/com.st.stm32cube.ide.mcu.externaltools.gnu-tools-for-stm32.12.3.rel1.macos64_1.0.100.202403111906/tools/bin/../lib/gcc/arm-none-eabi/12.3.1/../../../../arm-none-eabi/lib/thumb/v7e-m+fp/hard/libc_nano.a(libc_a-findfp.o) (_impure_data)
/Applications/STM32CubeIDE.app/Contents/Eclipse/plugins/com.st.stm32cube.ide.mcu.externaltools.gnu-tools-for-stm32.12.3.rel1.macos64_1.0.100.202403111906/tools/bin/../lib/gcc/arm-none-eabi/12.3.1/../../../../arm-none-eabi/lib/thumb/v7e-m+fp/hard/libc_nano.a(libc_a-init.o)
                              /Applications/STM32CubeIDE.app/Contents/Eclipse/plugins/com.st.stm32cube.ide.mcu.externaltools.gnu-tools-for-stm32.12.3.rel1.macos64_1.0.100.202403111906/tools/bin/../lib/gcc/arm-none-eabi/12.3.1/../../../../arm-none-eabi/lib/thumb/v7e-m+fp/hard/crt0.o (__libc_init_array)
/Applications/STM32CubeIDE.app/Contents/Eclipse/plugins/com.st.stm32cube.ide.mcu.externaltools.gnu-tools-for-stm32.12.3.rel1.macos64_1.0.100.202403111906/tools/bin/../lib/gcc/arm-none-eabi/12.3.1/../../../../arm-none-eabi/lib/thumb/v7e-m+fp/hard/libc_nano.a(libc_a-lock.o)
                              /Applications/STM32CubeIDE.app/Contents/Eclipse/plugins/com.st.stm32cube.ide.mcu.externaltools.gnu-tools-for-stm32.12.3.rel1.macos64_1.0.100.202403111906/tools/bin/../lib/gcc/arm-none-eabi/12.3.1/../../../../arm-none-eabi/lib/thumb/v7e-m+fp/hard/libc_nano.a(libc_a-findfp.o) (__retarget_lock_init_recursive)
/Applications/STM32CubeIDE.app/Contents/Eclipse/plugins/com.st.stm32cube.ide.mcu.externaltools.gnu-tools-for-stm32.12.3.rel1.macos64_1.0.100.202403111906/tools/bin/../lib/gcc/arm-none-eabi/12.3.1/../../../../arm-none-eabi/lib/thumb/v7e-m+fp/hard/libc_nano.a(libc_a-strlen.o)
                              ./cfe/arch/arm/lib_printf.o (strlen)
/Applications/STM32CubeIDE.app/Contents/Eclipse/plugins/com.st.stm32cube.ide.mcu.externaltools.gnu-tools-for-stm32.12.3.rel1.macos64_1.0.100.202403111906/tools/bin/../lib/gcc/arm-none-eabi/12.3.1/../../../../arm-none-eabi/lib/thumb/v7e-m+fp/hard/libc_nano.a(libc_a-mallocr.o)
[...]
Memory Configuration

Name             Origin             Length             Attributes
RAM              0x20000000         0x00018000         xrw
RAM2             0x10000000         0x00008000         xrw
FLASH            0x08000000         0x00100000         xr
*default*        0x00000000         0xffffffff

Linker script and memory map

LOAD /Applications/STM32CubeIDE.app/Contents/Eclipse/plugins/com.st.stm32cube.ide.mcu.externaltools.gnu-tools-for-stm32.12.3.rel1.macos64_1.0.100.202403111906/tools/bin/../lib/gcc/arm-none-eabi/12.3.1/thumb/v7e-m+fp/hard/crti.o
LOAD /Applications/STM32CubeIDE.app/Contents/Eclipse/plugins/com.st.stm32cube.ide.mcu.externaltools.gnu-tools-for-stm32.12.3.rel1.macos64_1.0.100.202403111906/tools/bin/../lib/gcc/arm-none-eabi/12.3.1/thumb/v7e-m+fp/hard/crtbegin.o
LOAD /Applications/STM32CubeIDE.app/Contents/Eclipse/plugins/com.st.stm32cube.ide.mcu.externaltools.gnu-tools-for-stm32.12.3.rel1.macos64_1.0.100.202403111906/tools/bin/../lib/gcc/arm-none-eabi/12.3.1/../../../../arm-none-eabi/lib/thumb/v7e-m+fp/hard/crt0.o
LOAD ./cfe/api/cfe_api.o
LOAD ./cfe/arch/arm/init_arm.o
LOAD ./cfe/arch/arm/lib_printf.o
LOAD ./cfe/board/stm32_board.o
LOAD ./cfe/lib/lib_arena.o
LOAD ./cfe/lib/lib_malloc.o
LOAD ./cfe/lib/lib_memfuncs.o
LOAD ./cfe/lib/lib_misc.o
LOAD ./cfe/lib/lib_qsort.o
LOAD ./cfe/lib/lib_queue.o
LOAD ./cfe/lib/lib_string.o
LOAD ./cfe/lib/lib_string2.o
LOAD ./cfe/lib/lib_try.o
LOAD ./cfe/main/cfe_attach.o
LOAD ./cfe/main/cfe_autoboot.o
LOAD ./cfe/main/cfe_background.o
LOAD ./cfe/main/cfe_boot.o
LOAD ./cfe/main/cfe_console.o
LOAD ./cfe/main/cfe_devfuncs.o
LOAD ./cfe/main/cfe_error.o
LOAD ./cfe/main/cfe_fatfs.o
LOAD ./cfe/main/cfe_filesys.o
LOAD ./cfe/main/cfe_httpfs.o
LOAD ./cfe/main/cfe_iocb_dispatch.o
LOAD ./cfe/main/cfe_loader.o
LOAD ./cfe/main/cfe_main.o
LOAD ./cfe/main/cfe_mem.o
LOAD ./cfe/main/cfe_savedata.o
LOAD ./cfe/main/cfe_spi.o
LOAD ./cfe/main/cfe_timer.o
LOAD ./cfe/main/env_subr.o
LOAD ./cfe/ui/ui_cmddisp.o
LOAD ./cfe/ui/ui_command.o
LOAD ./cfe/ui/ui_devcmds.o
LOAD ./cfe/ui/ui_envcmds.o
LOAD ./cfe/ui/ui_examcmds.o
LOAD ./cfe/ui/ui_loadcmds.o
LOAD ./cfe/ui/ui_memcmds.o
LOAD ./cfe/ui/ui_misccmds.o
LOAD ./cfe/ui/url.o
START GROUP
LOAD /Applications/STM32CubeIDE.app/Contents/Eclipse/plugins/com.st.stm32cube.ide.mcu.externaltools.gnu-tools-for-stm32.12.3.rel1.macos64_1.0.100.202403111906/tools/bin/../lib/gcc/arm-none-eabi/12.3.1/../../../../arm-none-eabi/lib/thumb/v7e-m+fp/hard/libc_nano.a
LOAD /Applications/STM32CubeIDE.app/Contents/Eclipse/plugins/com.st.stm32cube.ide.mcu.externaltools.gnu-tools-for-stm32.12.3.rel1.macos64_1.0.100.202403111906/tools/bin/../lib/gcc/arm-none-eabi/12.3.1/../../../../arm-none-eabi/lib/thumb/v7e-m+fp/hard/libm.a
END GROUP
START GROUP
LOAD /Applications/STM32CubeIDE.app/Contents/Eclipse/plugins/com.st.stm32cube.ide.mcu.externaltools.gnu-tools-for-stm32.12.3.rel1.macos64_1.0.100.202403111906/tools/bin/../lib/gcc/arm-none-eabi/12.3.1/thumb/v7e-m+fp/hard/libgcc.a
LOAD /Applications/STM32CubeIDE.app/Contents/Eclipse/plugins/com.st.stm32cube.ide.mcu.externaltools.gnu-tools-for-stm32.12.3.rel1.macos64_1.0.100.202403111906/tools/bin/../lib/gcc/arm-none-eabi/12.3.1/../../../../arm-none-eabi/lib/thumb/v7e-m+fp/hard/libc_nano.a
END GROUP
START GROUP
LOAD /Applications/STM32CubeIDE.app/Contents/Eclipse/plugins/com.st.stm32cube.ide.mcu.externaltools.gnu-tools-for-stm32.12.3.rel1.macos64_1.0.100.202403111906/tools/bin/../lib/gcc/arm-none-eabi/12.3.1/thumb/v7e-m+fp/hard/libgcc.a
LOAD /Applications/STM32CubeIDE.app/Contents/Eclipse/plugins/com.st.stm32cube.ide.mcu.externaltools.gnu-tools-for-stm32.12.3.rel1.macos64_1.0.100.202403111906/tools/bin/../lib/gcc/arm-none-eabi/12.3.1/../../../../arm-none-eabi/lib/thumb/v7e-m+fp/hard/libc_nano.a
END GROUP
LOAD /Applications/STM32CubeIDE.app/Contents/Eclipse/plugins/com.st.stm32cube.ide.mcu.externaltools.gnu-tools-for-stm32.12.3.rel1.macos64_1.0.100.202403111906/tools/bin/../lib/gcc/arm-none-eabi/12.3.1/thumb/v7e-m+fp/hard/crtend.o
LOAD /Applications/STM32CubeIDE.app/Contents/Eclipse/plugins/com.st.stm32cube.ide.mcu.externaltools.gnu-tools-for-stm32.12.3.rel1.macos64_1.0.100.202403111906/tools/bin/../lib/gcc/arm-none-eabi/12.3.1/thumb/v7e-m+fp/hard/crtn.o
                0x20018000                        _estack = (ORIGIN (RAM) + LENGTH (RAM))
                0x00000200                        _Min_Heap_Size = 0x200
                0x00000400                        _Min_Stack_Size = 0x400

.isr_vector     0x20000000       0xd8
                0x20000000                        . = ALIGN (0x4)
 *(.isr_vector)
 .isr_vector    0x20000000       0xd8 ./cfe/arch/arm/init_arm.o
                0x200000d8                        . = ALIGN (0x4)

.text           0x200000d8     0x7568
                0x200000d8                        . = ALIGN (0x4)
 *(.text)
 .text          0x200000d8       0x74 ./cfe/arch/arm/init_arm.o
                0x200000d8                SysTick_Handler
                0x2000012c                add_function
                0x2000013e                USART1_IRQHandler
 .text          0x2000014c       0x30 /Applications/STM32CubeIDE.app/Contents/Eclipse/plugins/com.st.stm32cube.ide.mcu.externaltools.gnu-tools-for-stm32.12.3.rel1.macos64_1.0.100.202403111906/tools/bin/../lib/gcc/arm-none-eabi/12.3.1/thumb/v7e-m+fp/hard/libgcc.a(_aeabi_uldivmod.o)
                0x2000014c                __aeabi_uldivmod
 .text          0x2000017c      0x2bc /Applications/STM32CubeIDE.app/Contents/Eclipse/plugins/com.st.stm32cube.ide.mcu.externaltools.gnu-tools-for-stm32.12.3.rel1.macos64_1.0.100.202403111906/tools/bin/../lib/gcc/arm-none-eabi/12.3.1/thumb/v7e-m+fp/hard/libgcc.a(_udivmoddi4.o)
                0x2000017c                __udivmoddi4
 .text          0x20000438        0x4 /Applications/STM32CubeIDE.app/Contents/Eclipse/plugins/com.st.stm32cube.ide.mcu.externaltools.gnu-tools-for-stm32.12.3.rel1.macos64_1.0.100.202403111906/tools/bin/../lib/gcc/arm-none-eabi/12.3.1/thumb/v7e-m+fp/hard/libgcc.a(_dvmd_tls.o)
                0x20000438                __aeabi_ldiv0
                0x20000438                __aeabi_idiv0
 *(.text*)
 .text.Reset_Handler
                0x2000043c       0xf8 ./cfe/arch/arm/init_arm.o
                0x2000043c                Reset_Handler
 .text.__atox   0x20000534       0xac ./cfe/arch/arm/lib_printf.o
 .text.__llatox
                0x200005e0       0xc2 ./cfe/arch/arm/lib_printf.o
 *fill*         0x200006a2        0x2 
 .text.xvsprintf
                0x200006a4      0x694 ./cfe/arch/arm/lib_printf.o
                0x200006a4                xvsprintf
 .text.xsprintf
                0x20000d38       0x2c ./cfe/arch/arm/lib_printf.o
                0x20000d38                xsprintf
 .text.printf   0x20000d64       0x6e ./cfe/arch/arm/lib_printf.o
                0x20000d64                printf
 *fill*         0x20000dd2        0x2 
 .text.putc     0x20000dd4       0x54 ./cfe/arch/arm/lib_printf.o
                0x20000dd4                putc
 .text.putchar  0x20000e28       0x1a ./cfe/arch/arm/lib_printf.o
                0x20000e28                putchar
 .text.stm32_uart_probe
                0x20000e42       0x22 ./cfe/board/stm32_board.o
 .text.stm32_uart_open
                0x20000e64       0x16 ./cfe/board/stm32_board.o
 *fill*         0x20000e7a        0x2 
 .text.stm32_uart_read
                0x20000e7c       0x68 ./cfe/board/stm32_board.o
 .text.stm32_uart_inpstat
                0x20000ee4       0x3c ./cfe/board/stm32_board.o
 .text.stm32_uart_write
                0x20000f20       0x48 ./cfe/board/stm32_board.o
 .text.board_init
                0x20000f68       0x24 ./cfe/board/stm32_board.o
                0x20000f68                board_init
 .text.kmeminit
                0x20000f8c       0x5c ./cfe/lib/lib_malloc.o
                0x20000f8c                kmeminit
 .text.kmemcompact
                0x20000fe8       0x88 ./cfe/lib/lib_malloc.o
 .text.kfree    0x20001070       0x58 ./cfe/lib/lib_malloc.o
                0x20001070                kfree
 .text.lib_outofmemory
                0x200010c8        0xe ./cfe/lib/lib_malloc.o
                0x200010c8                lib_outofmemory
 *fill*         0x200010d6        0x2 
 .text.kmalloc  0x200010d8      0x180 ./cfe/lib/lib_malloc.o
                0x200010d8                kmalloc
 .text.mem_peek
                0x20001258       0x7c ./cfe/lib/lib_memfuncs.o
                0x20001258                mem_peek
 .text.mem_poke
                0x200012d4       0x74 ./cfe/lib/lib_memfuncs.o
                0x200012d4                mem_poke
 .text.q_enqueue
                0x20001348       0x32 ./cfe/lib/lib_queue.o
                0x20001348                q_enqueue
 .text.q_dequeue
                0x2000137a       0x28 ./cfe/lib/lib_queue.o
                0x2000137a                q_dequeue
 .text.q_deqnext
                0x200013a2       0x3e ./cfe/lib/lib_queue.o
                0x200013a2                q_deqnext
 .text.q_count  0x200013e0       0x36 ./cfe/lib/lib_queue.o
                0x200013e0                q_count
 .text.lib_strcpy
                0x20001416       0x3c ./cfe/lib/lib_string.o
                0x20001416                lib_strcpy
 .text.lib_xstrncpy
                0x20001452       0x54 ./cfe/lib/lib_string.o
                0x20001452                lib_xstrncpy
 .text.lib_strlen
                0x200014a6       0x30 ./cfe/lib/lib_string.o
                0x200014a6                lib_strlen
 .text.lib_strcmp
                0x200014d6       0x82 ./cfe/lib/lib_string.o
                0x200014d6                lib_strcmp
 .text.lib_strchr
                0x20001558       0x38 ./cfe/lib/lib_string.o
                0x20001558                lib_strchr
 .text.lib_memcmp
                0x20001590       0x5e ./cfe/lib/lib_string.o
                0x20001590                lib_memcmp
 .text.lib_memcpy
                0x200015ee       0x40 ./cfe/lib/lib_string.o
                0x200015ee                lib_memcpy
 .text.lib_memset
                0x2000162e       0x38 ./cfe/lib/lib_string.o
                0x2000162e                lib_memset
 .text.lib_strcat
                0x20001666       0x4c ./cfe/lib/lib_string.o
                0x20001666                lib_strcat
 .text.lib_gettoken
                0x200016b2       0xc0 ./cfe/lib/lib_string.o
                0x200016b2                lib_gettoken
 .text.lib_atoi
                0x20001772       0x70 ./cfe/lib/lib_string.o
                0x20001772                lib_atoi
 .text.lib_xtoq
                0x200017e2       0xcc ./cfe/lib/lib_string.o
                0x200017e2                lib_xtoq
 .text.lib_xtoi
                0x200018ae       0x9c ./cfe/lib/lib_string.o
                0x200018ae                lib_xtoi
 *fill*         0x2000194a        0x2 
 .text.lib_strdup
                0x2000194c       0x3c ./cfe/lib/lib_string2.o
                0x2000194c                lib_strdup
 .text.exc_initialize_block
                0x20001988       0x44 ./cfe/lib/lib_try.o
                0x20001988                exc_initialize_block
 .text.cfe_finddev
                0x200019cc       0x48 ./cfe/main/cfe_attach.o
                0x200019cc                cfe_finddev
 .text.cfe_dev_enum
                0x20001a14       0x68 ./cfe/main/cfe_attach.o
                0x20001a14                cfe_dev_enum
 .text.cfe_attach_idx
                0x20001a7c       0xcc ./cfe/main/cfe_attach.o
                0x20001a7c                cfe_attach_idx
 .text.cfe_attach
                0x20001b48       0x4e ./cfe/main/cfe_attach.o
                0x20001b48                cfe_attach
 *fill*         0x20001b96        0x2 
 .text.cfe_attach_init
                0x20001b98       0x20 ./cfe/main/cfe_attach.o
                0x20001b98                cfe_attach_init
 .text.cfe_bg_init
                0x20001bb8       0x18 ./cfe/main/cfe_background.o
                0x20001bb8                cfe_bg_init
 .text.cfe_bg_add
                0x20001bd0       0x50 ./cfe/main/cfe_background.o
                0x20001bd0                cfe_bg_add
 .text.background
                0x20001c20       0x4c ./cfe/main/cfe_background.o
                0x20001c20                background
 .text.console_open
                0x20001c6c       0x68 ./cfe/main/cfe_console.o
                0x20001c6c                console_open
 .text.console_close
                0x20001cd4       0x2c ./cfe/main/cfe_console.o
                0x20001cd4                console_close
 .text.console_read
                0x20001d00       0x38 ./cfe/main/cfe_console.o
                0x20001d00                console_read
 .text.console_write
                0x20001d38       0x80 ./cfe/main/cfe_console.o
                0x20001d38                console_write
 .text.console_status
                0x20001db8       0x28 ./cfe/main/cfe_console.o
                0x20001db8                console_status
 .text.console_xprint
                0x20001de0       0x6c ./cfe/main/cfe_console.o
 .text.cfe_set_console
                0x20001e4c       0x64 ./cfe/main/cfe_console.o
                0x20001e4c                cfe_set_console
 .text.console_flushbuffer
                0x20001eb0       0x78 ./cfe/main/cfe_console.o
 .text.console_save
                0x20001f28       0xbc ./cfe/main/cfe_console.o
 .text.console_readnum
                0x20001fe4       0x58 ./cfe/main/cfe_console.o
 .text.console_readkey
                0x2000203c      0x220 ./cfe/main/cfe_console.o
                0x2000203c                console_readkey
 .text.console_backspace
                0x2000225c       0x34 ./cfe/main/cfe_console.o
 .text.console_whiteout
                0x20002290       0x54 ./cfe/main/cfe_console.o
 .text.console_eraseeol
                0x200022e4       0x14 ./cfe/main/cfe_console.o
 .text.console_crlf
                0x200022f8       0x14 ./cfe/main/cfe_console.o
 .text.console_readline_default
                0x2000230c      0x9bc ./cfe/main/cfe_console.o
                0x2000230c                console_readline_default
 .text.console_readline
                0x20002cc8       0x26 ./cfe/main/cfe_console.o
                0x20002cc8                console_readline
 .text.cfe_strlen
                0x20002cee       0x30 ./cfe/main/cfe_devfuncs.o
 .text.cfe_open
                0x20002d1e       0x54 ./cfe/main/cfe_devfuncs.o
                0x20002d1e                cfe_open
 .text.cfe_close
                0x20002d72       0x30 ./cfe/main/cfe_devfuncs.o
                0x20002d72                cfe_close
 .text.cfe_readblk
                0x20002da2       0x52 ./cfe/main/cfe_devfuncs.o
                0x20002da2                cfe_readblk
 .text.cfe_read
                0x20002df4       0x2c ./cfe/main/cfe_devfuncs.o
                0x20002df4                cfe_read
 .text.cfe_writeblk
                0x20002e20       0x52 ./cfe/main/cfe_devfuncs.o
                0x20002e20                cfe_writeblk
 .text.cfe_write
                0x20002e72       0x2c ./cfe/main/cfe_devfuncs.o
                0x20002e72                cfe_write
 .text.cfe_inpstat
                0x20002e9e       0x3e ./cfe/main/cfe_devfuncs.o
                0x20002e9e                cfe_inpstat
 .text.cfe_getdevinfo
                0x20002edc       0x54 ./cfe/main/cfe_devfuncs.o
                0x20002edc                cfe_getdevinfo
 .text.cfe_errortext
                0x20002f30       0x44 ./cfe/main/cfe_error.o
                0x20002f30                cfe_errortext
 .text.hsgetstr
                0x20002f74       0x46 ./cfe/main/cfe_iocb_dispatch.o
 *fill*         0x20002fba        0x2 
 .text.cfe_iocb_dispatch
                0x20002fbc       0xd0 ./cfe/main/cfe_iocb_dispatch.o
                0x20002fbc                cfe_iocb_dispatch
 .text.cfe_newhandle
                0x2000308c       0x48 ./cfe/main/cfe_iocb_dispatch.o
 .text.cfe_cmd_fw_getinfo
                0x200030d4       0xac ./cfe/main/cfe_iocb_dispatch.o
 .text.cfe_cmd_fw_restart
                0x20003180       0x18 ./cfe/main/cfe_iocb_dispatch.o
 .text.cfe_cmd_fw_boot
                0x20003198       0x1a ./cfe/main/cfe_iocb_dispatch.o
 .text.cfe_cmd_fw_cpuctl
                0x200031b2       0x1a ./cfe/main/cfe_iocb_dispatch.o
 .text.cfe_cmd_fw_gettime
                0x200031cc       0x28 ./cfe/main/cfe_iocb_dispatch.o
 .text.cfe_cmd_fw_memenum
                0x200031f4       0x6a ./cfe/main/cfe_iocb_dispatch.o
 .text.cfe_cmd_fw_flushcache
                0x2000325e       0x18 ./cfe/main/cfe_iocb_dispatch.o
 .text.cfe_cmd_dev_enum
                0x20003276       0x40 ./cfe/main/cfe_iocb_dispatch.o
 *fill*         0x200032b6        0x2 
 .text.cfe_cmd_dev_gethandle
                0x200032b8       0x44 ./cfe/main/cfe_iocb_dispatch.o
 .text.cfe_cmd_dev_open
                0x200032fc       0xd4 ./cfe/main/cfe_iocb_dispatch.o
 .text.cfe_cmd_dev_inpstat
                0x200033d0       0x28 ./cfe/main/cfe_iocb_dispatch.o
 .text.cfe_cmd_dev_read
                0x200033f8       0x28 ./cfe/main/cfe_iocb_dispatch.o
 .text.cfe_cmd_dev_write
                0x20003420       0x28 ./cfe/main/cfe_iocb_dispatch.o
 .text.cfe_cmd_dev_ioctl
                0x20003448       0x28 ./cfe/main/cfe_iocb_dispatch.o
 .text.cfe_cmd_dev_close
                0x20003470       0x48 ./cfe/main/cfe_iocb_dispatch.o
 .text.cfe_cmd_dev_getinfo
                0x200034b8       0x60 ./cfe/main/cfe_iocb_dispatch.o
 .text.cfe_cmd_env_enum
                0x20003518       0x4a ./cfe/main/cfe_iocb_dispatch.o
 .text.cfe_cmd_env_get
                0x20003562       0x3c ./cfe/main/cfe_iocb_dispatch.o
 .text.cfe_cmd_env_set
                0x2000359e       0x5c ./cfe/main/cfe_iocb_dispatch.o
 .text.cfe_cmd_env_del
                0x200035fa       0x42 ./cfe/main/cfe_iocb_dispatch.o
 .text.cfe_setup_default_env
                0x2000363c       0x80 ./cfe/main/cfe_main.o
 .text.cfe_init_ui
                0x200036bc       0x14 ./cfe/main/cfe_main.o
 .text.cfe_leds
                0x200036d0       0x14 ./cfe/main/cfe_main.o
                0x200036d0                cfe_leds
 .text.cfe_ledstr
                0x200036e4       0x3a ./cfe/main/cfe_main.o
                0x200036e4                cfe_ledstr
 *fill*         0x2000371e        0x2 
 .text.cfe_say_hello
                0x20003720       0x1c ./cfe/main/cfe_main.o
 .text.cfe_startup_info
                0x2000373c        0xe ./cfe/main/cfe_main.o
 *fill*         0x2000374a        0x2 
 .text.cfe_main
                0x2000374c       0xc0 ./cfe/main/cfe_main.o
                0x2000374c                cfe_main
 .text.cfe_command_loop
                0x2000380c       0x68 ./cfe/main/cfe_main.o
                0x2000380c                cfe_command_loop
 .text.cfe_arena_init
                0x20003874        0xe ./cfe/main/cfe_mem.o
                0x20003874                cfe_arena_init
 *fill*         0x20003882        0x2 
 .text.cfe_arena_enum
                0x20003884       0x84 ./cfe/main/cfe_mem.o
                0x20003884                cfe_arena_enum
 .text._getticks
                0x20003908       0x12 ./cfe/main/cfe_timer.o
                0x20003908                _getticks
 *fill*         0x2000391a        0x2 
 .text.cfe_timer_task
                0x2000391c       0xc0 ./cfe/main/cfe_timer.o
 .text.cfe_timer_init
                0x200039dc       0xac ./cfe/main/cfe_timer.o
                0x200039dc                cfe_timer_init
 .text.env_findenv
                0x20003a88       0x54 ./cfe/main/env_subr.o
 .text.env_enum
                0x20003adc       0x80 ./cfe/main/env_subr.o
                0x20003adc                env_enum
 .text.env_envtype
                0x20003b5c       0x28 ./cfe/main/env_subr.o
                0x20003b5c                env_envtype
 .text.env_delenv
                0x20003b84       0x48 ./cfe/main/env_subr.o
                0x20003b84                env_delenv
 .text.env_getenv
                0x20003bcc       0x26 ./cfe/main/env_subr.o
                0x20003bcc                env_getenv
 *fill*         0x20003bf2        0x2 
 .text.env_setenv
                0x20003bf4       0xc8 ./cfe/main/env_subr.o
                0x20003bf4                env_setenv
 .text.env_save
                0x20003cbc       0x10 ./cfe/main/env_subr.o
                0x20003cbc                env_save
 .text.ui_errstring
                0x20003ccc       0x18 ./cfe/ui/ui_cmddisp.o
                0x20003ccc                ui_errstring
 .text.ui_showerror
                0x20003ce4       0x3c ./cfe/ui/ui_cmddisp.o
                0x20003ce4                ui_showerror
 .text.ui_do_one_command
                0x20003d20       0xd8 ./cfe/ui/ui_cmddisp.o
 .text.ui_init_cmddisp
                0x20003df8        0xe ./cfe/ui/ui_cmddisp.o
                0x20003df8                ui_init_cmddisp
 .text.ui_showusage
                0x20003e06       0x1a ./cfe/ui/ui_cmddisp.o
                0x20003e06                ui_showusage
 .text.ui_docommands_internal
                0x20003e20       0xd0 ./cfe/ui/ui_cmddisp.o
 .text.ui_docommands
                0x20003ef0       0x3e ./cfe/ui/ui_cmddisp.o
                0x20003ef0                ui_docommands
 *fill*         0x20003f2e        0x2 
 .text.is_white_space
                0x20003f30       0x30 ./cfe/ui/ui_command.o
 .text.cmd_sw_value
                0x20003f60       0x6c ./cfe/ui/ui_command.o
                0x20003f60                cmd_sw_value
 .text.cmd_sw_name
                0x20003fcc       0x40 ./cfe/ui/ui_command.o
                0x20003fcc                cmd_sw_name
 .text.cmd_sw_isset
                0x2000400c       0x52 ./cfe/ui/ui_command.o
                0x2000400c                cmd_sw_isset
 .text.cmd_getarg
                0x2000405e       0x40 ./cfe/ui/ui_command.o
                0x2000405e                cmd_getarg
 *fill*         0x2000409e        0x2 
 .text.cmd_free
                0x200040a0       0x80 ./cfe/ui/ui_command.o
                0x200040a0                cmd_free
 .text.cmd_sw_validate
                0x20004120      0x150 ./cfe/ui/ui_command.o
                0x20004120                cmd_sw_validate
 .text.cmd_findword
                0x20004270       0x38 ./cfe/ui/ui_command.o
 .text.cmd_build_cmdline
                0x200042a8      0x15c ./cfe/ui/ui_command.o
                0x200042a8                cmd_build_cmdline
 .text.cmd_addcmd
                0x20004404       0xf8 ./cfe/ui/ui_command.o
                0x20004404                cmd_addcmd
 .text._dumpindented
                0x200044fc       0x90 ./cfe/ui/ui_command.o
 .text._dumpswitches
                0x2000458c       0xcc ./cfe/ui/ui_command.o
 .text._dumpcmds
                0x20004658      0x114 ./cfe/ui/ui_command.o
 .text.dumpcmds
                0x2000476c       0x24 ./cfe/ui/ui_command.o
 .text._showpossible
                0x20004790       0xb8 ./cfe/ui/ui_command.o
 .text.cmd_help
                0x20004848      0x144 ./cfe/ui/ui_command.o
 .text.cmd_init
                0x2000498c       0x40 ./cfe/ui/ui_command.o
                0x2000498c                cmd_init
 .text.cmd_lookup
                0x200049cc      0x144 ./cfe/ui/ui_command.o
                0x200049cc                cmd_lookup
 .text.cmd_showusage
                0x20004b10       0x4c ./cfe/ui/ui_command.o
                0x20004b10                cmd_showusage
 .text.cmd_eat_leading_white
                0x20004b5c       0x48 ./cfe/ui/ui_command.o
 .text.cmd_readcommand
                0x20004ba4      0x114 ./cfe/ui/ui_command.o
                0x20004ba4                cmd_readcommand
 .text.make_token
                0x20004cb8       0x44 ./cfe/ui/ui_command.o
 .text.cmd_build_list
                0x20004cfc      0x13c ./cfe/ui/ui_command.o
                0x20004cfc                cmd_build_list
 .text.is_command_separator
                0x20004e38       0x5e ./cfe/ui/ui_command.o
 *fill*         0x20004e96        0x2 
 .text.cmd_eat_quoted_arg
                0x20004e98      0x12c ./cfe/ui/ui_command.o
 .text.cmd_append_tokens
                0x20004fc4       0x3c ./cfe/ui/ui_command.o
 .text.cmd_walk_and_expand
                0x20005000      0x114 ./cfe/ui/ui_command.o
                0x20005000                cmd_walk_and_expand
 .text.cmd_free_tokens
                0x20005114       0x30 ./cfe/ui/ui_command.o
                0x20005114                cmd_free_tokens
 .text.getaddrargs
                0x20005144      0x1bc ./cfe/ui/ui_examcmds.o
 .text.stuffmem
                0x20005300      0x126 ./cfe/ui/ui_examcmds.o
 *fill*         0x20005426        0x2 
 .text.dumpmem  0x20005428      0x2b4 ./cfe/ui/ui_examcmds.o
                0x20005428                dumpmem
 .text.ui_cmd_memedit
                0x200056dc      0x334 ./cfe/ui/ui_examcmds.o
 .text.ui_cmd_memfill
                0x20005a10      0x15c ./cfe/ui/ui_examcmds.o
 .text.ui_cmd_memtest
                0x20005b6c      0x524 ./cfe/ui/ui_examcmds.o
 .text.ui_cmd_memdump
                0x20006090       0x78 ./cfe/ui/ui_examcmds.o
 .text.ui_cmd_disasm
                0x20006108      0x104 ./cfe/ui/ui_examcmds.o
 .text.ui_init_examcmds
                0x2000620c       0xd4 ./cfe/ui/ui_examcmds.o
                0x2000620c                ui_init_examcmds
 .text.ui_init_misccmds
                0x200062e0      0x260 ./cfe/ui/ui_misccmds.o
                0x200062e0                ui_init_misccmds
 .text.ui_cmd_sleep
                0x20006540       0x7c ./cfe/ui/ui_misccmds.o
 .text.ui_cmd_loop
                0x200065bc       0xa0 ./cfe/ui/ui_misccmds.o
 .text.ui_cmd_console
                0x2000665c       0x70 ./cfe/ui/ui_misccmds.o
 .text.ui_cmd_display
                0x200066cc       0x6c ./cfe/ui/ui_misccmds.o
 .text.ui_cmd_edit
                0x20006738       0x6c ./cfe/ui/ui_misccmds.o
 .text.ui_cmd_printten
                0x200067a4       0x34 ./cfe/ui/ui_misccmds.o
 .text.LED_Init
                0x200067d8       0x54 ./cfe/ui/ui_misccmds.o
                0x200067d8                LED_Init
 .text.ui_cmd_LED
                0x2000682c       0x6c ./cfe/ui/ui_misccmds.o
 .text.LEDG_Init
                0x20006898       0x5c ./cfe/ui/ui_misccmds.o
                0x20006898                LEDG_Init
 .text.ui_cmd_LEDG
                0x200068f4       0x6c ./cfe/ui/ui_misccmds.o
 .text.ui_cmd_I2C
                0x20006960      0x1fc ./cfe/ui/ui_misccmds.o
 .text.ui_cmd_write_I2C
                0x20006b5c      0x13c ./cfe/ui/ui_misccmds.o
 .text.I2C_Init_INIT
                0x20006c98      0x124 ./cfe/ui/ui_misccmds.o
                0x20006c98                I2C_Init_INIT
 .text.I2C_Init
                0x20006dbc       0x60 ./cfe/ui/ui_misccmds.o
                0x20006dbc                I2C_Init
 .text.write_I2C
                0x20006e1c      0x110 ./cfe/ui/ui_misccmds.o
 .text.display_I2C
                0x20006f2c      0x20c ./cfe/ui/ui_misccmds.o
 .text.ui_cmd_LEDO
                0x20007138       0x70 ./cfe/ui/ui_misccmds.o
 .text.ui_cmd_LEDB
                0x200071a8       0x74 ./cfe/ui/ui_misccmds.o
 .text.ui_cmd_write_I2C_IO2
                0x2000721c       0xa8 ./cfe/ui/ui_misccmds.o
 .text.READ_I2C_IO2
                0x200072c4       0x78 ./cfe/ui/ui_misccmds.o
 .text.ui_cmd_joystick
                0x2000733c       0xac ./cfe/ui/ui_misccmds.o
 .text.mytest_1
                0x200073e8       0x30 ./cfe/ui/ui_misccmds.o
                0x200073e8                mytest_1
 .text.SysTick_Init
                0x20007418       0x64 ./cfe/ui/ui_misccmds.o
 .text.Add_Assembly
                0x2000747c       0x90 ./cfe/ui/ui_misccmds.o
 .text.add_num2
                0x2000750c       0x1c ./cfe/ui/ui_misccmds.o
                0x2000750c                add_num2
 .text.add_num  0x20007528       0x3a ./cfe/ui/ui_misccmds.o
                0x20007528                add_num
 *fill*         0x20007562        0x2 
 .text.uart_handler
                0x20007564       0x40 ./cfe/ui/ui_misccmds.o
 .text.LED_Init2
                0x200075a4       0x48 ./cfe/ui/ui_misccmds.o
                0x200075a4                LED_Init2
 .text.ui_cmd_LED2
                0x200075ec       0x54 ./cfe/ui/ui_misccmds.o
 *(.glue_7)
 .glue_7        0x20007640        0x0 linker stubs
 *(.glue_7t)
 .glue_7t       0x20007640        0x0 linker stubs
 *(.eh_frame)
 *(.RamFunc)
 *(.RamFunc*)
                0x20007640                        . = ALIGN (0x4)
                0x20007640                        _etext = .

.vfp11_veneer   0x20007640        0x0
 .vfp11_veneer  0x20007640        0x0 linker stubs

.v4_bx          0x20007640        0x0
 .v4_bx         0x20007640        0x0 linker stubs

.init           0x20007640        0x4
 .init          0x20007640        0x4 /Applications/STM32CubeIDE.app/Contents/Eclipse/plugins/com.st.stm32cube.ide.mcu.externaltools.gnu-tools-for-stm32.12.3.rel1.macos64_1.0.100.202403111906/tools/bin/../lib/gcc/arm-none-eabi/12.3.1/thumb/v7e-m+fp/hard/crti.o
                0x20007640                _init

.fini           0x20007644        0x4
 .fini          0x20007644        0x4 /Applications/STM32CubeIDE.app/Contents/Eclipse/plugins/com.st.stm32cube.ide.mcu.externaltools.gnu-tools-for-stm32.12.3.rel1.macos64_1.0.100.202403111906/tools/bin/../lib/gcc/arm-none-eabi/12.3.1/thumb/v7e-m+fp/hard/crti.o
                0x20007644                _fini

.iplt           0x20007648        0x0
 .iplt          0x20007648        0x0 ./cfe/arch/arm/init_arm.o

.rodata         0x20007648     0x1a08
                0x20007648                        . = ALIGN (0x4)
 *(.rodata)
 .rodata        0x20007648        0x7 ./cfe/arch/arm/lib_printf.o
 *fill*         0x2000764f        0x1 
 .rodata        0x20007650       0x1a ./cfe/board/stm32_board.o
 *fill*         0x2000766a        0x2 
 .rodata        0x2000766c        0xa ./cfe/main/cfe_attach.o
 *fill*         0x20007676        0x2 
 .rodata        0x20007678       0x48 ./cfe/main/cfe_console.o
 .rodata        0x200076c0      0x402 ./cfe/main/cfe_error.o
 *fill*         0x20007ac2        0x2 
 .rodata        0x20007ac4      0x155 ./cfe/main/cfe_main.o
 *fill*         0x20007c19        0x3 
 .rodata        0x20007c1c       0x1c ./cfe/ui/ui_cmddisp.o
 .rodata        0x20007c38      0x26a ./cfe/ui/ui_command.o
 *fill*         0x20007ea2        0x2 
 .rodata        0x20007ea4      0x99c ./cfe/ui/ui_examcmds.o
 .rodata        0x20008840      0x647 ./cfe/ui/ui_misccmds.o
 *(.rodata*)
 *fill*         0x20008e87        0x1 
 .rodata.digits
                0x20008e88       0x11 ./cfe/arch/arm/lib_printf.o
 *fill*         0x20008e99        0x3 
 .rodata.ldigits
                0x20008e9c       0x11 ./cfe/arch/arm/lib_printf.o
 *fill*         0x20008ead        0x3 
 .rodata.stm32_uart_dispatch
                0x20008eb0       0x20 ./cfe/board/stm32_board.o
 .rodata.cfe_cmd_dispatch_table
                0x20008ed0      0x180 ./cfe/main/cfe_iocb_dispatch.o
                0x20009050                        . = ALIGN (0x4)
                0x20009058                        _sidata = LOADADDR (.data)

.ARM.exidx      0x20009050        0x8
 .ARM.exidx     0x20009050        0x8 /Applications/STM32CubeIDE.app/Contents/Eclipse/plugins/com.st.stm32cube.ide.mcu.externaltools.gnu-tools-for-stm32.12.3.rel1.macos64_1.0.100.202403111906/tools/bin/../lib/gcc/arm-none-eabi/12.3.1/thumb/v7e-m+fp/hard/libgcc.a(_udivmoddi4.o)

.rel.dyn        0x20009058        0x0
 .rel.iplt      0x20009058        0x0 ./cfe/arch/arm/init_arm.o

.data           0x20009058      0x19c
                0x20009058                        . = ALIGN (0x4)
                0x20009058                        _sdata = .
 *(.data)
 *(.data*)
 .data.stm32_uart
                0x20009058       0x14 ./cfe/board/stm32_board.o
                0x20009058                stm32_uart
 .data.cfe_devices
                0x2000906c        0x8 ./cfe/main/cfe_attach.o
                0x2000906c                cfe_devices
 .data.console_msgq
                0x20009074        0x8 ./cfe/main/cfe_console.o
                0x20009074                console_msgq
 .data.console_handle
                0x2000907c        0x4 ./cfe/main/cfe_console.o
                0x2000907c                console_handle
 .data.cfe_errorstrings
                0x20009080      0x150 ./cfe/main/cfe_error.o
                0x20009080                cfe_errorstrings
 .data.cfe_boardname
                0x200091d0        0x4 ./cfe/main/cfe_main.o
                0x200091d0                cfe_boardname
 .data.mem_totalsize
                0x200091d4        0x4 ./cfe/main/cfe_main.o
                0x200091d4                mem_totalsize
 .data.env_envvars
                0x200091d8        0x8 ./cfe/main/env_subr.o
                0x200091d8                env_envvars
 .data.tokenbreaks
                0x200091e0        0x4 ./cfe/ui/ui_command.o
 .data.spacechars
                0x200091e4        0x4 ./cfe/ui/ui_command.o
 .data.prev_length
                0x200091e8        0x4 ./cfe/ui/ui_examcmds.o
 .data.prev_dlength
                0x200091ec        0x4 ./cfe/ui/ui_examcmds.o
 .data.prev_wtype
                0x200091f0        0x4 ./cfe/ui/ui_examcmds.o
                0x200091f4                        . = ALIGN (0x4)
                0x200091f4                        _edata = .

.igot.plt       0x200091f4        0x0
 .igot.plt      0x200091f4        0x0 ./cfe/arch/arm/init_arm.o
                0x200091f4                        . = ALIGN (0x4)

.bss            0x200091f8      0x284
                0x200091f8                        _sbss = .
                0x200091f8                        __bss_start__ = _sbss
 *(.bss)
 *(.bss*)
 .bss.xprinthook
                0x200091f8        0x4 ./cfe/arch/arm/lib_printf.o
                0x200091f8                xprinthook
 .bss.kmempool  0x200091fc        0xc ./cfe/lib/lib_malloc.o
                0x200091fc                kmempool
 .bss.exc_handler
                0x20009208       0x10 ./cfe/lib/lib_try.o
                0x20009208                exc_handler
 .bss.cfe_bg_tasklist
                0x20009218       0x40 ./cfe/main/cfe_background.o
 .bss.cfe_bg_args
                0x20009258       0x40 ./cfe/main/cfe_background.o
 .bss.console_nextsave
                0x20009298        0x4 ./cfe/main/cfe_console.o
                0x20009298                console_nextsave
 .bss.console_savedlines
                0x2000929c       0x78 ./cfe/main/cfe_console.o
                0x2000929c                console_savedlines
 .bss.console_killbuffer
                0x20009314        0x4 ./cfe/main/cfe_console.o
 .bss.console_buffer_flg
                0x20009318        0x4 ./cfe/main/cfe_console.o
 .bss.console_mode
                0x2000931c        0x4 ./cfe/main/cfe_console.o
 .bss.console_name
                0x20009320        0x4 ./cfe/main/cfe_console.o
                0x20009320                console_name
 .bss.console_inreadline
                0x20009324        0x4 ./cfe/main/cfe_console.o
 .bss.console_redisplay
                0x20009328        0x4 ./cfe/main/cfe_console.o
 .bss.cfe_handle_table
                0x2000932c      0x100 ./cfe/main/cfe_iocb_dispatch.o
                0x2000932c                cfe_handle_table
 *fill*         0x2000942c        0x4 
 .bss.cfe_arena
                0x20009430       0x18 ./cfe/main/cfe_mem.o
                0x20009430                cfe_arena
 .bss.mem_bootarea_start
                0x20009448        0x4 ./cfe/main/cfe_mem.o
                0x20009448                mem_bootarea_start
 .bss.mem_bootarea_size
                0x2000944c        0x4 ./cfe/main/cfe_mem.o
                0x2000944c                mem_bootarea_size
 .bss.cfe_ticks
                0x20009450        0x8 ./cfe/main/cfe_timer.o
                0x20009450                cfe_ticks
 .bss.cfe_cpu_speed
                0x20009458        0x4 ./cfe/main/cfe_timer.o
                0x20009458                cfe_cpu_speed
 .bss.cfe_clocks_per_Kns
                0x2000945c        0x4 ./cfe/main/cfe_timer.o
 .bss.cfe_clocks_per_usec
                0x20009460        0x4 ./cfe/main/cfe_timer.o
 .bss.cfe_clocks_per_tick
                0x20009464        0x4 ./cfe/main/cfe_timer.o
 .bss.cfe_oldcount
                0x20009468        0x4 ./cfe/main/cfe_timer.o
 .bss.cfe_remticks
                0x2000946c        0x4 ./cfe/main/cfe_timer.o
 .bss.cfe_timer_initflg
                0x20009470        0x4 ./cfe/main/cfe_timer.o
 .bss.cmd_root  0x20009474        0x4 ./cfe/ui/ui_command.o
                0x20009474                cmd_root
 .bss.prev_addr
                0x20009478        0x4 ./cfe/ui/ui_examcmds.o
 *(COMMON)
                0x2000947c                        . = ALIGN (0x4)
                0x2000947c                        _ebss = .
                0x2000947c                        __bss_end__ = _ebss

._user_heap_stack
                0x2000947c      0x604
                0x20009480                        . = ALIGN (0x8)
 *fill*         0x2000947c        0x4 
                [!provide]                        PROVIDE (end = .)
                [!provide]                        PROVIDE (_end = .)
                0x20009680                        . = (. + _Min_Heap_Size)
 *fill*         0x20009480      0x200 
                0x20009a80                        . = (. + _Min_Stack_Size)
 *fill*         0x20009680      0x400 
                0x20009a80                        . = ALIGN (0x8)
OUTPUT(test2.elf elf32-littlearm)
LOAD linker stubs

.ARM.attributes
                0x00000000       0x30
 .ARM.attributes
                0x00000000       0x22 /Applications/STM32CubeIDE.app/Contents/Eclipse/plugins/com.st.stm32cube.ide.mcu.externaltools.gnu-tools-for-stm32.12.3.rel1.macos64_1.0.100.202403111906/tools/bin/../lib/gcc/arm-none-eabi/12.3.1/thumb/v7e-m+fp/hard/crti.o
 .ARM.attributes
                0x00000022       0x21 ./cfe/arch/arm/init_arm.o
 .ARM.attributes
                0x00000043       0x34 ./cfe/arch/arm/lib_printf.o
 .ARM.attributes
                0x00000077       0x34 ./cfe/board/stm32_board.o
 .ARM.attributes
                0x000000ab       0x34 ./cfe/lib/lib_malloc.o
 .ARM.attributes
                0x000000df       0x34 ./cfe/lib/lib_memfuncs.o
 .ARM.attributes
                0x00000113       0x34 ./cfe/lib/lib_queue.o
 .ARM.attributes
                0x00000147       0x34 ./cfe/lib/lib_string.o
 .ARM.attributes
                0x0000017b       0x34 ./cfe/lib/lib_string2.o
 .ARM.attributes
                0x000001af       0x34 ./cfe/lib/lib_try.o
 .ARM.attributes
                0x000001e3       0x34 ./cfe/main/cfe_attach.o
 .ARM.attributes
                0x00000217       0x34 ./cfe/main/cfe_background.o
 .ARM.attributes
                0x0000024b       0x34 ./cfe/main/cfe_console.o
 .ARM.attributes
                0x0000027f       0x34 ./cfe/main/cfe_devfuncs.o
 .ARM.attributes
                0x000002b3       0x34 ./cfe/main/cfe_error.o
 .ARM.attributes
                0x000002e7       0x34 ./cfe/main/cfe_iocb_dispatch.o
 .ARM.attributes
                0x0000031b       0x34 ./cfe/main/cfe_main.o
 .ARM.attributes
                0x0000034f       0x34 ./cfe/main/cfe_mem.o
 .ARM.attributes
                0x00000383       0x34 ./cfe/main/cfe_timer.o
 .ARM.attributes
                0x000003b7       0x34 ./cfe/main/env_subr.o
 .ARM.attributes
                0x000003eb       0x34 ./cfe/ui/ui_cmddisp.o
 .ARM.attributes
                0x0000041f       0x34 ./cfe/ui/ui_command.o
 .ARM.attributes
                0x00000453       0x34 ./cfe/ui/ui_examcmds.o
 .ARM.attributes
                0x00000487       0x34 ./cfe/ui/ui_misccmds.o
 .ARM.attributes
                0x000004bb       0x22 /Applications/STM32CubeIDE.app/Contents/Eclipse/plugins/com.st.stm32cube.ide.mcu.externaltools.gnu-tools-for-stm32.12.3.rel1.macos64_1.0.100.202403111906/tools/bin/../lib/gcc/arm-none-eabi/12.3.1/thumb/v7e-m+fp/hard/libgcc.a(_aeabi_uldivmod.o)
 .ARM.attributes
                0x000004dd       0x34 /Applications/STM32CubeIDE.app/Contents/Eclipse/plugins/com.st.stm32cube.ide.mcu.externaltools.gnu-tools-for-stm32.12.3.rel1.macos64_1.0.100.202403111906/tools/bin/../lib/gcc/arm-none-eabi/12.3.1/thumb/v7e-m+fp/hard/libgcc.a(_udivmoddi4.o)
 .ARM.attributes
                0x00000511       0x22 /Applications/STM32CubeIDE.app/Contents/Eclipse/plugins/com.st.stm32cube.ide.mcu.externaltools.gnu-tools-for-stm32.12.3.rel1.macos64_1.0.100.202403111906/tools/bin/../lib/gcc/arm-none-eabi/12.3.1/thumb/v7e-m+fp/hard/libgcc.a(_dvmd_tls.o)

.comment        0x00000000       0x43
 .comment       0x00000000       0x43 ./cfe/arch/arm/lib_printf.o
                                 0x44 (size before relaxing)
 .comment       0x00000043       0x44 ./cfe/board/stm32_board.o
 .comment       0x00000043       0x44 ./cfe/lib/lib_malloc.o
 .comment       0x00000043       0x44 ./cfe/lib/lib_memfuncs.o
 .comment       0x00000043       0x44 ./cfe/lib/lib_queue.o
 .comment       0x00000043       0x44 ./cfe/lib/lib_string.o
 .comment       0x00000043       0x44 ./cfe/lib/lib_string2.o
 .comment       0x00000043       0x44 ./cfe/lib/lib_try.o
 .comment       0x00000043       0x44 ./cfe/main/cfe_attach.o
 .comment       0x00000043       0x44 ./cfe/main/cfe_background.o
 .comment       0x00000043       0x44 ./cfe/main/cfe_console.o
 .comment       0x00000043       0x44 ./cfe/main/cfe_devfuncs.o
 .comment       0x00000043       0x44 ./cfe/main/cfe_error.o
 .comment       0x00000043       0x44 ./cfe/main/cfe_iocb_dispatch.o
 .comment       0x00000043       0x44 ./cfe/main/cfe_main.o
 .comment       0x00000043       0x44 ./cfe/main/cfe_mem.o
 .comment       0x00000043       0x44 ./cfe/main/cfe_timer.o
 .comment       0x00000043       0x44 ./cfe/main/env_subr.o
 .comment       0x00000043       0x44 ./cfe/ui/ui_cmddisp.o
 .comment       0x00000043       0x44 ./cfe/ui/ui_command.o
 .comment       0x00000043       0x44 ./cfe/ui/ui_examcmds.o
 .comment       0x00000043       0x44 ./cfe/ui/ui_misccmds.o

.debug_line     0x00000000     0x7cb6
 .debug_line    0x00000000       0xd3 ./cfe/arch/arm/init_arm.o
 .debug_line    0x000000d3      0x9a1 ./cfe/arch/arm/lib_printf.o
 .debug_line    0x00000a74      0x350 ./cfe/board/stm32_board.o
 .debug_line    0x00000dc4      0x4a1 ./cfe/lib/lib_malloc.o
 .debug_line    0x00001265      0x2ec ./cfe/lib/lib_memfuncs.o
 .debug_line    0x00001551      0x1ad ./cfe/lib/lib_queue.o
 .debug_line    0x000016fe      0x6c0 ./cfe/lib/lib_string.o
 .debug_line    0x00001dbe      0x123 ./cfe/lib/lib_string2.o
 .debug_line    0x00001ee1      0x150 ./cfe/lib/lib_try.o
 .debug_line    0x00002031      0x3e1 ./cfe/main/cfe_attach.o
 .debug_line    0x00002412      0x295 ./cfe/main/cfe_background.o
 .debug_line    0x000026a7      0xb97 ./cfe/main/cfe_console.o
 .debug_line    0x0000323e      0x526 ./cfe/main/cfe_devfuncs.o
 .debug_line    0x00003764      0x26d ./cfe/main/cfe_error.o
 .debug_line    0x000039d1      0x7a0 ./cfe/main/cfe_iocb_dispatch.o
 .debug_line    0x00004171      0x400 ./cfe/main/cfe_main.o
 .debug_line    0x00004571      0x36e ./cfe/main/cfe_mem.o
 .debug_line    0x000048df      0x3a0 ./cfe/main/cfe_timer.o
 .debug_line    0x00004c7f      0x501 ./cfe/main/env_subr.o
 .debug_line    0x00005180      0x3ea ./cfe/ui/ui_cmddisp.o
 .debug_line    0x0000556a      0xd6d ./cfe/ui/ui_command.o
 .debug_line    0x000062d7      0x93d ./cfe/ui/ui_examcmds.o
 .debug_line    0x00006c14     0x10a2 ./cfe/ui/ui_misccmds.o

.debug_line_str
                0x00000000       0x55
 .debug_line_str
                0x00000000       0x55 ./cfe/arch/arm/init_arm.o

.debug_info     0x00000000     0x882c
 .debug_info    0x00000000       0x23 ./cfe/arch/arm/init_arm.o
 .debug_info    0x00000023      0x59d ./cfe/arch/arm/lib_printf.o
 .debug_info    0x000005c0      0x5da ./cfe/board/stm32_board.o
 .debug_info    0x00000b9a      0x43c ./cfe/lib/lib_malloc.o
 .debug_info    0x00000fd6      0x1e3 ./cfe/lib/lib_memfuncs.o
 .debug_info    0x000011b9      0x24c ./cfe/lib/lib_queue.o
 .debug_info    0x00001405      0x5c5 ./cfe/lib/lib_string.o
 .debug_info    0x000019ca      0x1c0 ./cfe/lib/lib_string2.o
 .debug_info    0x00001b8a      0x2ca ./cfe/lib/lib_try.o
 .debug_info    0x00001e54      0x6c2 ./cfe/main/cfe_attach.o
 .debug_info    0x00002516      0x1a3 ./cfe/main/cfe_background.o
 .debug_info    0x000026b9      0x9a2 ./cfe/main/cfe_console.o
 .debug_info    0x0000305b      0x865 ./cfe/main/cfe_devfuncs.o
 .debug_info    0x000038c0      0x10b ./cfe/main/cfe_error.o
 .debug_info    0x000039cb      0xfca ./cfe/main/cfe_iocb_dispatch.o
 .debug_info    0x00004995      0x457 ./cfe/main/cfe_main.o
 .debug_info    0x00004dec      0x2d2 ./cfe/main/cfe_mem.o
 .debug_info    0x000050be      0x296 ./cfe/main/cfe_timer.o
 .debug_info    0x00005354      0x659 ./cfe/main/env_subr.o
 .debug_info    0x000059ad      0x5c2 ./cfe/ui/ui_cmddisp.o
 .debug_info    0x00005f6f      0xe89 ./cfe/ui/ui_command.o
 .debug_info    0x00006df8      0xa73 ./cfe/ui/ui_examcmds.o
 .debug_info    0x0000786b      0xfc1 ./cfe/ui/ui_misccmds.o

.debug_abbrev   0x00000000     0x27b1
 .debug_abbrev  0x00000000       0x12 ./cfe/arch/arm/init_arm.o
 .debug_abbrev  0x00000012      0x224 ./cfe/arch/arm/lib_printf.o
 .debug_abbrev  0x00000236      0x1a3 ./cfe/board/stm32_board.o
 .debug_abbrev  0x000003d9      0x1e9 ./cfe/lib/lib_malloc.o
 .debug_abbrev  0x000005c2      0x105 ./cfe/lib/lib_memfuncs.o
 .debug_abbrev  0x000006c7      0x131 ./cfe/lib/lib_queue.o
 .debug_abbrev  0x000007f8      0x182 ./cfe/lib/lib_string.o
 .debug_abbrev  0x0000097a       0xfc ./cfe/lib/lib_string2.o
 .debug_abbrev  0x00000a76      0x13b ./cfe/lib/lib_try.o
 .debug_abbrev  0x00000bb1      0x1e7 ./cfe/main/cfe_attach.o
 .debug_abbrev  0x00000d98      0x11e ./cfe/main/cfe_background.o
 .debug_abbrev  0x00000eb6      0x2ab ./cfe/main/cfe_console.o
 .debug_abbrev  0x00001161      0x16f ./cfe/main/cfe_devfuncs.o
 .debug_abbrev  0x000012d0       0xd3 ./cfe/main/cfe_error.o
 .debug_abbrev  0x000013a3      0x264 ./cfe/main/cfe_iocb_dispatch.o
 .debug_abbrev  0x00001607      0x277 ./cfe/main/cfe_main.o
 .debug_abbrev  0x0000187e      0x169 ./cfe/main/cfe_mem.o
 .debug_abbrev  0x000019e7      0x194 ./cfe/main/cfe_timer.o
 .debug_abbrev  0x00001b7b      0x23d ./cfe/main/env_subr.o
 .debug_abbrev  0x00001db8      0x281 ./cfe/ui/ui_cmddisp.o
 .debug_abbrev  0x00002039      0x2ee ./cfe/ui/ui_command.o
 .debug_abbrev  0x00002327      0x237 ./cfe/ui/ui_examcmds.o
 .debug_abbrev  0x0000255e      0x253 ./cfe/ui/ui_misccmds.o

.debug_aranges  0x00000000      0x990
 .debug_aranges
                0x00000000       0x28 ./cfe/arch/arm/init_arm.o
 .debug_aranges
                0x00000028       0x68 ./cfe/arch/arm/lib_printf.o
 .debug_aranges
                0x00000090       0x48 ./cfe/board/stm32_board.o
 .debug_aranges
                0x000000d8       0x58 ./cfe/lib/lib_malloc.o
 .debug_aranges
                0x00000130       0x28 ./cfe/lib/lib_memfuncs.o
 .debug_aranges
                0x00000158       0x48 ./cfe/lib/lib_queue.o
 .debug_aranges
                0x000001a0       0xb0 ./cfe/lib/lib_string.o
 .debug_aranges
                0x00000250       0x30 ./cfe/lib/lib_string2.o
 .debug_aranges
                0x00000280       0x38 ./cfe/lib/lib_try.o
 .debug_aranges
                0x000002b8       0x50 ./cfe/main/cfe_attach.o
 .debug_aranges
                0x00000308       0x38 ./cfe/main/cfe_background.o
 .debug_aranges
                0x00000340       0xb0 ./cfe/main/cfe_console.o
 .debug_aranges
                0x000003f0       0x90 ./cfe/main/cfe_devfuncs.o
 .debug_aranges
                0x00000480       0x20 ./cfe/main/cfe_error.o
 .debug_aranges
                0x000004a0       0xd8 ./cfe/main/cfe_iocb_dispatch.o
 .debug_aranges
                0x00000578       0x70 ./cfe/main/cfe_main.o
 .debug_aranges
                0x000005e8       0x30 ./cfe/main/cfe_mem.o
 .debug_aranges
                0x00000618       0x48 ./cfe/main/cfe_timer.o
 .debug_aranges
                0x00000660       0x60 ./cfe/main/env_subr.o
 .debug_aranges
                0x000006c0       0x58 ./cfe/ui/ui_cmddisp.o
 .debug_aranges
                0x00000718      0x100 ./cfe/ui/ui_command.o
 .debug_aranges
                0x00000818       0x60 ./cfe/ui/ui_examcmds.o
 .debug_aranges
                0x00000878      0x118 ./cfe/ui/ui_misccmds.o

.debug_str      0x00000000     0x8e0d
 .debug_str     0x00000000       0x63 ./cfe/arch/arm/init_arm.o
 .debug_str     0x00000063     0x3d9f ./cfe/arch/arm/lib_printf.o
                               0x3fc0 (size before relaxing)
 .debug_str     0x00003e02     0x1c93 ./cfe/board/stm32_board.o
                               0x4cc5 (size before relaxing)
 .debug_str     0x00005a95      0x1e1 ./cfe/lib/lib_malloc.o
                               0x337d (size before relaxing)
 .debug_str     0x00005c76      0x232 ./cfe/lib/lib_memfuncs.o
                               0x4c16 (size before relaxing)
 .debug_str     0x00005ea8       0x5a ./cfe/lib/lib_queue.o
                               0x2fee (size before relaxing)
 .debug_str     0x00005f02      0x141 ./cfe/lib/lib_string.o
                               0x302a (size before relaxing)
 .debug_str     0x00006043       0x55 ./cfe/lib/lib_string2.o
                               0x30ac (size before relaxing)
 .debug_str     0x00006098       0xbb ./cfe/lib/lib_try.o
                               0x3383 (size before relaxing)
 .debug_str     0x00006153       0xa2 ./cfe/main/cfe_attach.o
                               0x4ce8 (size before relaxing)
 .debug_str     0x000061f5       0x81 ./cfe/main/cfe_background.o
                               0x3462 (size before relaxing)
 .debug_str     0x00006276      0x47f ./cfe/main/cfe_console.o
                               0x4f43 (size before relaxing)
 .debug_str     0x000066f5      0x35b ./cfe/main/cfe_devfuncs.o
                               0x4e22 (size before relaxing)
 .debug_str     0x00006a50       0x69 ./cfe/main/cfe_error.o
                               0x4a04 (size before relaxing)
 .debug_str     0x00006ab9      0x63b ./cfe/main/cfe_iocb_dispatch.o
                               0x5699 (size before relaxing)
 .debug_str     0x000070f4      0xdbf ./cfe/main/cfe_main.o
                               0x5aab (size before relaxing)
 .debug_str     0x00007eb3      0x1b4 ./cfe/main/cfe_mem.o
                               0x4d18 (size before relaxing)
 .debug_str     0x00008067      0x1db ./cfe/main/cfe_timer.o
                               0x4be2 (size before relaxing)
 .debug_str     0x00008242       0xb7 ./cfe/main/env_subr.o
                               0x4cdf (size before relaxing)
 .debug_str     0x000082f9      0x192 ./cfe/ui/ui_cmddisp.o
                               0x4fd8 (size before relaxing)
 .debug_str     0x0000848b      0x2a8 ./cfe/ui/ui_command.o
                               0x50a9 (size before relaxing)
 .debug_str     0x00008733      0x3ce ./cfe/ui/ui_examcmds.o
                               0x5010 (size before relaxing)
 .debug_str     0x00008b01      0x30c ./cfe/ui/ui_misccmds.o
                               0x4ed0 (size before relaxing)

.debug_rnglists
                0x00000000      0x716
 .debug_rnglists
                0x00000000       0x1a ./cfe/arch/arm/init_arm.o
 .debug_rnglists
                0x0000001a       0x4c ./cfe/arch/arm/lib_printf.o
 .debug_rnglists
                0x00000066       0x31 ./cfe/board/stm32_board.o
 .debug_rnglists
                0x00000097       0x40 ./cfe/lib/lib_malloc.o
 .debug_rnglists
                0x000000d7       0x19 ./cfe/lib/lib_memfuncs.o
 .debug_rnglists
                0x000000f0       0x31 ./cfe/lib/lib_queue.o
 .debug_rnglists
                0x00000121       0x84 ./cfe/lib/lib_string.o
 .debug_rnglists
                0x000001a5       0x1f ./cfe/lib/lib_string2.o
 .debug_rnglists
                0x000001c4       0x25 ./cfe/lib/lib_try.o
 .debug_rnglists
                0x000001e9       0x38 ./cfe/main/cfe_attach.o
 .debug_rnglists
                0x00000221       0x26 ./cfe/main/cfe_background.o
 .debug_rnglists
                0x00000247       0x84 ./cfe/main/cfe_console.o
 .debug_rnglists
                0x000002cb       0x67 ./cfe/main/cfe_devfuncs.o
 .debug_rnglists
                0x00000332       0x13 ./cfe/main/cfe_error.o
 .debug_rnglists
                0x00000345       0xa0 ./cfe/main/cfe_iocb_dispatch.o
 .debug_rnglists
                0x000003e5       0x51 ./cfe/main/cfe_main.o
 .debug_rnglists
                0x00000436       0x21 ./cfe/main/cfe_mem.o
 .debug_rnglists
                0x00000457       0x33 ./cfe/main/cfe_timer.o
 .debug_rnglists
                0x0000048a       0x60 ./cfe/main/env_subr.o
 .debug_rnglists
                0x000004ea       0x3f ./cfe/ui/ui_cmddisp.o
 .debug_rnglists
                0x00000529       0xc9 ./cfe/ui/ui_command.o
 .debug_rnglists
                0x000005f2       0x4b ./cfe/ui/ui_examcmds.o
 .debug_rnglists
                0x0000063d       0xd9 ./cfe/ui/ui_misccmds.o

.debug_macro    0x00000000     0x1dc5
 .debug_macro   0x00000000       0x79 ./cfe/arch/arm/lib_printf.o
 .debug_macro   0x00000079       0x58 ./cfe/arch/arm/lib_printf.o
 .debug_macro   0x000000d1       0x22 ./cfe/arch/arm/lib_printf.o
 .debug_macro   0x000000f3       0x8e ./cfe/arch/arm/lib_printf.o
 .debug_macro   0x00000181       0x51 ./cfe/arch/arm/lib_printf.o
 .debug_macro   0x000001d2      0x103 ./cfe/arch/arm/lib_printf.o
 .debug_macro   0x000002d5       0x6a ./cfe/arch/arm/lib_printf.o
 .debug_macro   0x0000033f      0x1df ./cfe/arch/arm/lib_printf.o
 .debug_macro   0x0000051e       0xaa ./cfe/board/stm32_board.o
 .debug_macro   0x000005c8       0x22 ./cfe/board/stm32_board.o
 .debug_macro   0x000005ea       0x22 ./cfe/board/stm32_board.o
 .debug_macro   0x0000060c       0x9a ./cfe/board/stm32_board.o
 .debug_macro   0x000006a6       0x2e ./cfe/board/stm32_board.o
 .debug_macro   0x000006d4       0x16 ./cfe/board/stm32_board.o
 .debug_macro   0x000006ea       0x58 ./cfe/board/stm32_board.o
 .debug_macro   0x00000742      0x162 ./cfe/board/stm32_board.o
 .debug_macro   0x000008a4       0x10 ./cfe/board/stm32_board.o
 .debug_macro   0x000008b4      0x179 ./cfe/board/stm32_board.o
 .debug_macro   0x00000a2d       0xfa ./cfe/board/stm32_board.o
 .debug_macro   0x00000b27       0x88 ./cfe/board/stm32_board.o
 .debug_macro   0x00000baf       0x2e ./cfe/board/stm32_board.o
 .debug_macro   0x00000bdd       0x16 ./cfe/board/stm32_board.o
 .debug_macro   0x00000bf3       0x2e ./cfe/board/stm32_board.o
 .debug_macro   0x00000c21       0x2e ./cfe/board/stm32_board.o
 .debug_macro   0x00000c4f       0x47 ./cfe/lib/lib_malloc.o
 .debug_macro   0x00000c96       0xc9 ./cfe/lib/lib_memfuncs.o
 .debug_macro   0x00000d5f       0x58 ./cfe/lib/lib_memfuncs.o
 .debug_macro   0x00000db7       0x1c ./cfe/lib/lib_memfuncs.o
 .debug_macro   0x00000dd3       0x1c ./cfe/lib/lib_memfuncs.o
 .debug_macro   0x00000def       0x23 ./cfe/lib/lib_queue.o
 .debug_macro   0x00000e12       0x2b ./cfe/lib/lib_string.o
 .debug_macro   0x00000e3d       0x2d ./cfe/lib/lib_string2.o
 .debug_macro   0x00000e6a       0x3e ./cfe/lib/lib_try.o
 .debug_macro   0x00000ea8       0xb0 ./cfe/main/cfe_attach.o
 .debug_macro   0x00000f58       0x44 ./cfe/main/cfe_background.o
 .debug_macro   0x00000f9c       0xdd ./cfe/main/cfe_console.o
 .debug_macro   0x00001079       0xaa ./cfe/main/cfe_devfuncs.o
 .debug_macro   0x00001123       0xb0 ./cfe/main/cfe_error.o
 .debug_macro   0x000011d3       0xe3 ./cfe/main/cfe_iocb_dispatch.o
 .debug_macro   0x000012b6       0x4c ./cfe/main/cfe_iocb_dispatch.o
 .debug_macro   0x00001302      0x108 ./cfe/main/cfe_main.o
 .debug_macro   0x0000140a       0x46 ./cfe/main/cfe_main.o
 .debug_macro   0x00001450      0x321 ./cfe/main/cfe_main.o
 .debug_macro   0x00001771       0x2e ./cfe/main/cfe_main.o
 .debug_macro   0x0000179f       0xf0 ./cfe/main/cfe_mem.o
 .debug_macro   0x0000188f       0xc2 ./cfe/main/cfe_timer.o
 .debug_macro   0x00001951       0xb3 ./cfe/main/env_subr.o
 .debug_macro   0x00001a04       0xce ./cfe/ui/ui_cmddisp.o
 .debug_macro   0x00001ad2       0xd4 ./cfe/ui/ui_command.o
 .debug_macro   0x00001ba6      0x13b ./cfe/ui/ui_examcmds.o
 .debug_macro   0x00001ce1       0xe4 ./cfe/ui/ui_misccmds.o

.debug_frame    0x00000000     0x2434
 .debug_frame   0x00000000      0x1cc ./cfe/arch/arm/lib_printf.o
 .debug_frame   0x000001cc       0xf0 ./cfe/board/stm32_board.o
 .debug_frame   0x000002bc      0x140 ./cfe/lib/lib_malloc.o
 .debug_frame   0x000003fc       0x5c ./cfe/lib/lib_memfuncs.o
 .debug_frame   0x00000458       0xfc ./cfe/lib/lib_queue.o
 .debug_frame   0x00000554      0x308 ./cfe/lib/lib_string.o
 .debug_frame   0x0000085c       0x7c ./cfe/lib/lib_string2.o
 .debug_frame   0x000008d8       0xa0 ./cfe/lib/lib_try.o
 .debug_frame   0x00000978      0x10c ./cfe/main/cfe_attach.o
 .debug_frame   0x00000a84       0xa0 ./cfe/main/cfe_background.o
 .debug_frame   0x00000b24      0x2bc ./cfe/main/cfe_console.o
 .debug_frame   0x00000de0      0x230 ./cfe/main/cfe_devfuncs.o
 .debug_frame   0x00001010       0x38 ./cfe/main/cfe_error.o
 .debug_frame   0x00001048      0x3a4 ./cfe/main/cfe_iocb_dispatch.o
 .debug_frame   0x000013ec      0x180 ./cfe/main/cfe_main.o
 .debug_frame   0x0000156c       0x88 ./cfe/main/cfe_mem.o
 .debug_frame   0x000015f4       0xf8 ./cfe/main/cfe_timer.o
 .debug_frame   0x000016ec      0x154 ./cfe/main/env_subr.o
 .debug_frame   0x00001840      0x140 ./cfe/ui/ui_cmddisp.o
 .debug_frame   0x00001980      0x434 ./cfe/ui/ui_command.o
 .debug_frame   0x00001db4      0x180 ./cfe/ui/ui_examcmds.o
 .debug_frame   0x00001f34      0x4a0 ./cfe/ui/ui_misccmds.o
 .debug_frame   0x000023d4       0x2c /Applications/STM32CubeIDE.app/Contents/Eclipse/plugins/com.st.stm32cube.ide.mcu.externaltools.gnu-tools-for-stm32.12.3.rel1.macos64_1.0.100.202403111906/tools/bin/../lib/gcc/arm-none-eabi/12.3.1/thumb/v7e-m+fp/hard/libgcc.a(_aeabi_uldivmod.o)
 .debug_frame   0x00002400       0x34 /Applications/STM32CubeIDE.app/Contents/Eclipse/plugins/com.st.stm32cube.ide.mcu.externaltools.gnu-tools-for-stm32.12.3.rel1.macos64_1.0.100.202403111906/tools/bin/../lib/gcc/arm-none-eabi/12.3.1/thumb/v7e-m+fp/hard/libgcc.a(_udivmoddi4.o)
