Archive member included to satisfy reference by file (symbol)

/Applications/STM32CubeIDE.app/Contents/Eclipse/plugins/com.st.stm32cube.ide.mcu.externaltools.gnu-tools-for-stm32.12.3.rel1.macos64_1.0.100.202403111906/tools/bin/../lib/gcc/arm-none-eabi/12.3.1/../../../../arm-none-eabi/lib/thumb/v7e-m+fp/hard/libc_nano.a(libc_a-exit.o)
                              /Applications/STM32CubeIDE.app/Contents/Eclipse/plugins/com.st.stm32cube.ide.mcu.externaltools.gnu-tools-for-stm32.12.3.rel1.macos64_1.0.100.202403111906/tools/bin/../lib/gcc/arm-none-eabi/12.3.1/../../../../arm-none-eabi/lib/thumb/v7e-m+fp/hard/crt0.o (exit)
/Applications/STM32CubeIDE.app/Contents/Eclipse/plugins/com.st.stm32cube.ide.mcu.externaltools.gnu-tools-for-stm32.12.3.rel1.macos64_1.0.100.202403111906/tools/bin/../lib/gcc/arm-none-eabi/12.3.1/../../../../arm-none-eabi/lib/thumb/v7e-m+fp/hard/libc_nano.a(libc_a-findfp.o)
                              /Applications/STM32CubeIDE.app/Contents/Eclipse/plugins/com.st.stm32cube.ide.mcu.externaltools.gnu-tools-for-stm32.12.3.rel1.macos64_1.0.100.202403111906/tools/bin/../lib/gcc/arm-none-eabi/12.3.1/../../../../arm-none-eabi/lib/thumb/v7e-m+fp/hard/libc_nano.a(libc_a-exit.o) (__stdio_exit_handler)
/Applications/STM32CubeIDE.app/Contents/Eclipse/plugins/com.st.stm32cube.ide.mcu.externaltools.gnu-tools-for-stm32.12.3.rel1.macos64_1.0.100.202403111906/tools/bin/../lib/gcc/arm-none-eabi/12.3.1/../../../../arm-none-eabi/lib/thumb/v7e-m+fp/hard/libc_nano.a(libc_a-fwalk.o)
                              /Applications/STM32CubeIDE.app/Contents/Eclipse/plugins/com.st.stm32cube.ide.mcu.externaltools.gnu-tools-for-stm32.12.3.rel1.macos64_1.0.100.202403111906/tools/bin/../lib/gcc/arm-none-eabi/12.3.1/../../../../arm-none-eabi/lib/thumb/v7e-m+fp/hard/libc_nano.a(libc_a-findfp.o) (_fwalk_sglue)
/Applications/STM32CubeIDE.app/Contents/Eclipse/plugins/com.st.stm32cube.ide.mcu.externaltools.gnu-tools-for-stm32.12.3.rel1.macos64_1.0.100.202403111906/tools/bin/../lib/gcc/arm-none-eabi/12.3.1/../../../../arm-none-eabi/lib/thumb/v7e-m+fp/hard/libc_nano.a(libc_a-memset.o)
                              /Applications/STM32CubeIDE.app/Contents/Eclipse/plugins/com.st.stm32cube.ide.mcu.externaltools.gnu-tools-for-stm32.12.3.rel1.macos64_1.0.100.202403111906/tools/bin/../lib/gcc/arm-none-eabi/12.3.1/../../../../arm-none-eabi/lib/thumb/v7e-m+fp/hard/crt0.o (memset)
/Applications/STM32CubeIDE.app/Contents/Eclipse/plugins/com.st.stm32cube.ide.mcu.externaltools.gnu-tools-for-stm32.12.3.rel1.macos64_1.0.100.202403111906/tools/bin/../lib/gcc/arm-none-eabi/12.3.1/../../../../arm-none-eabi/lib/thumb/v7e-m+fp/hard/libc_nano.a(libc_a-impure.o)
                              /Applications/STM32CubeIDE.app/Contents/Eclipse/plugins/com.st.stm32cube.ide.mcu.externaltools.gnu-tools-for-stm32.12.3.rel1.macos64_1.0.100.202403111906/tools/bin/../lib/gcc/arm-none-eabi/12.3.1/../../../../arm-none-eabi/lib/thumb/v7e-m+fp/hard/libc_nano.a(libc_a-findfp.o) (_impure_data)
/Applications/STM32CubeIDE.app/Contents/Eclipse/plugins/com.st.stm32cube.ide.mcu.externaltools.gnu-tools-for-stm32.12.3.rel1.macos64_1.0.100.202403111906/tools/bin/../lib/gcc/arm-none-eabi/12.3.1/../../../../arm-none-eabi/lib/thumb/v7e-m+fp/hard/libc_nano.a(libc_a-init.o)
                              /Applications/STM32CubeIDE.app/Contents/Eclipse/plugins/com.st.stm32cube.ide.mcu.externaltools.gnu-tools-for-stm32.12.3.rel1.macos64_1.0.100.202403111906/tools/bin/../lib/gcc/arm-none-eabi/12.3.1/../../../../arm-none-eabi/lib/thumb/v7e-m+fp/hard/crt0.o (__libc_init_array)
/Applications/STM32CubeIDE.app/Contents/Eclipse/plugins/com.st.stm32cube.ide.mcu.externaltools.gnu-tools-for-stm32.12.3.rel1.macos64_1.0.100.202403111906/tools/bin/../lib/gcc/arm-none-eabi/12.3.1/../../../../arm-none-eabi/lib/thumb/v7e-m+fp/hard/libc_nano.a(libc_a-lock.o)
                              /Applications/STM32CubeIDE.app/Contents/Eclipse/plugins/com.st.stm32cube.ide.mcu.externaltools.gnu-tools-for-stm32.12.3.rel1.macos64_1.0.100.202403111906/tools/bin/../lib/gcc/arm-none-eabi/12.3.1/../../../../arm-none-eabi/lib/thumb/v7e-m+fp/hard/libc_nano.a(libc_a-findfp.o) (__retarget_lock_init_recursive)
/Applications/STM32CubeIDE.app/Contents/Eclipse/plugins/com.st.stm32cube.ide.mcu.externaltools.gnu-tools-for-stm32.12.3.rel1.macos64_1.0.100.202403111906/tools/bin/../lib/gcc/arm-none-eabi/12.3.1/../../../../arm-none-eabi/lib/thumb/v7e-m+fp/hard/libc_nano.a(libc_a-strlen.o)
                              ./cfe/arch/arm/lib_printf.o (strlen)
/Applications/STM32CubeIDE.app/Contents/Eclipse/plugins/com.st.stm32cube.ide.mcu.externaltools.gnu-tools-for-stm32.12.3.rel1.macos64_1.0.100.202403111906/tools/bin/../lib/gcc/arm-none-eabi/12.3.1/../../../../arm-none-eabi/lib/thumb/v7e-m+fp/hard/libc_nano.a(libc_a-mallocr.o)
[...]
Memory Configuration

Name             Origin             Length             Attributes
RAM              0x20000000         0x00018000         xrw
RAM2             0x10000000         0x00008000         xrw
FLASH            0x08000000         0x00100000         xr
*default*        0x00000000         0xffffffff

Linker script and memory map

LOAD /Applications/STM32CubeIDE.app/Contents/Eclipse/plugins/com.st.stm32cube.ide.mcu.externaltools.gnu-tools-for-stm32.12.3.rel1.macos64_1.0.100.202403111906/tools/bin/../lib/gcc/arm-none-eabi/12.3.1/thumb/v7e-m+fp/hard/crti.o
LOAD /Applications/STM32CubeIDE.app/Contents/Eclipse/plugins/com.st.stm32cube.ide.mcu.externaltools.gnu-tools-for-stm32.12.3.rel1.macos64_1.0.100.202403111906/tools/bin/../lib/gcc/arm-none-eabi/12.3.1/thumb/v7e-m+fp/hard/crtbegin.o
LOAD /Applications/STM32CubeIDE.app/Contents/Eclipse/plugins/com.st.stm32cube.ide.mcu.externaltools.gnu-tools-for-stm32.12.3.rel1.macos64_1.0.100.202403111906/tools/bin/../lib/gcc/arm-none-eabi/12.3.1/../../../../arm-none-eabi/lib/thumb/v7e-m+fp/hard/crt0.o
LOAD ./cfe/api/cfe_api.o
LOAD ./cfe/arch/arm/init_arm.o
LOAD ./cfe/arch/arm/lib_printf.o
LOAD ./cfe/board/stm32_board.o
LOAD ./cfe/lib/lib_arena.o
LOAD ./cfe/lib/lib_malloc.o
LOAD ./cfe/lib/lib_memfuncs.o
LOAD ./cfe/lib/lib_misc.o
LOAD ./cfe/lib/lib_qsort.o
LOAD ./cfe/lib/lib_queue.o
LOAD ./cfe/lib/lib_string.o
LOAD ./cfe/lib/lib_string2.o
LOAD ./cfe/lib/lib_try.o
LOAD ./cfe/main/cfe_attach.o
LOAD ./cfe/main/cfe_autoboot.o
LOAD ./cfe/main/cfe_background.o
LOAD ./cfe/main/cfe_boot.o
LOAD ./cfe/main/cfe_console.o
LOAD ./cfe/main/cfe_devfuncs.o
LOAD ./cfe/main/cfe_error.o
LOAD ./cfe/main/cfe_fatfs.o
LOAD ./cfe/main/cfe_filesys.o
LOAD ./cfe/main/cfe_httpfs.o
LOAD ./cfe/main/cfe_iocb_dispatch.o
LOAD ./cfe/main/cfe_loader.o
LOAD ./cfe/main/cfe_main.o
LOAD ./cfe/main/cfe_mem.o
LOAD ./cfe/main/cfe_savedata.o
LOAD ./cfe/main/cfe_spi.o
LOAD ./cfe/main/cfe_timer.o
LOAD ./cfe/main/env_subr.o
LOAD ./cfe/ui/ui_cmddisp.o
LOAD ./cfe/ui/ui_command.o
LOAD ./cfe/ui/ui_devcmds.o
LOAD ./cfe/ui/ui_envcmds.o
LOAD ./cfe/ui/ui_examcmds.o
LOAD ./cfe/ui/ui_loadcmds.o
LOAD ./cfe/ui/ui_memcmds.o
LOAD ./cfe/ui/ui_misccmds.o
LOAD ./cfe/ui/url.o
START GROUP
LOAD /Applications/STM32CubeIDE.app/Contents/Eclipse/plugins/com.st.stm32cube.ide.mcu.externaltools.gnu-tools-for-stm32.12.3.rel1.macos64_1.0.100.202403111906/tools/bin/../lib/gcc/arm-none-eabi/12.3.1/../../../../arm-none-eabi/lib/thumb/v7e-m+fp/hard/libc_nano.a
LOAD /Applications/STM32CubeIDE.app/Contents/Eclipse/plugins/com.st.stm32cube.ide.mcu.externaltools.gnu-tools-for-stm32.12.3.rel1.macos64_1.0.100.202403111906/tools/bin/../lib/gcc/arm-none-eabi/12.3.1/../../../../arm-none-eabi/lib/thumb/v7e-m+fp/hard/libm.a
END GROUP
START GROUP
LOAD /Applications/STM32CubeIDE.app/Contents/Eclipse/plugins/com.st.stm32cube.ide.mcu.externaltools.gnu-tools-for-stm32.12.3.rel1.macos64_1.0.100.202403111906/tools/bin/../lib/gcc/arm-none-eabi/12.3.1/thumb/v7e-m+fp/hard/libgcc.a
LOAD /Applications/STM32CubeIDE.app/Contents/Eclipse/plugins/com.st.stm32cube.ide.mcu.externaltools.gnu-tools-for-stm32.12.3.rel1.macos64_1.0.100.202403111906/tools/bin/../lib/gcc/arm-none-eabi/12.3.1/../../../../arm-none-eabi/lib/thumb/v7e-m+fp/hard/libc_nano.a
END GROUP
START GROUP
LOAD /Applications/STM32CubeIDE.app/Contents/Eclipse/plugins/com.st.stm32cube.ide.mcu.externaltools.gnu-tools-for-stm32.12.3.rel1.macos64_1.0.100.202403111906/tools/bin/../lib/gcc/arm-none-eabi/12.3.1/thumb/v7e-m+fp/hard/libgcc.a
LOAD /Applications/STM32CubeIDE.app/Contents/Eclipse/plugins/com.st.stm32cube.ide.mcu.externaltools.gnu-tools-for-stm32.12.3.rel1.macos64_1.0.100.202403111906/tools/bin/../lib/gcc/arm-none-eabi/12.3.1/../../../../arm-none-eabi/lib/thumb/v7e-m+fp/hard/libc_nano.a
END GROUP
LOAD /Applications/STM32CubeIDE.app/Contents/Eclipse/plugins/com.st.stm32cube.ide.mcu.externaltools.gnu-tools-for-stm32.12.3.rel1.macos64_1.0.100.202403111906/tools/bin/../lib/gcc/arm-none-eabi/12.3.1/thumb/v7e-m+fp/hard/crtend.o
LOAD /Applications/STM32CubeIDE.app/Contents/Eclipse/plugins/com.st.stm32cube.ide.mcu.externaltools.gnu-tools-for-stm32.12.3.rel1.macos64_1.0.100.202403111906/tools/bin/../lib/gcc/arm-none-eabi/12.3.1/thumb/v7e-m+fp/hard/crtn.o
                0x20018000                        _estack = (ORIGIN (RAM) + LENGTH (RAM))
                0x00000200                        _Min_Heap_Size = 0x200
                0x00000400                        _Min_Stack_Size = 0x400

.isr_vector     0x20000000       0x10
                0x20000000                        . = ALIGN (0x4)
 *(.isr_vector)
 .isr_vector    0x20000000       0x10 ./cfe/arch/arm/init_arm.o
                0x20000010                        . = ALIGN (0x4)

.text           0x20000010     0x51b0
                0x20000010                        . = ALIGN (0x4)
 *(.text)
 .text          0x20000010       0x30 /Applications/STM32CubeIDE.app/Contents/Eclipse/plugins/com.st.stm32cube.ide.mcu.externaltools.gnu-tools-for-stm32.12.3.rel1.macos64_1.0.100.202403111906/tools/bin/../lib/gcc/arm-none-eabi/12.3.1/thumb/v7e-m+fp/hard/libgcc.a(_aeabi_uldivmod.o)
                0x20000010                __aeabi_uldivmod
 .text          0x20000040      0x2bc /Applications/STM32CubeIDE.app/Contents/Eclipse/plugins/com.st.stm32cube.ide.mcu.externaltools.gnu-tools-for-stm32.12.3.rel1.macos64_1.0.100.202403111906/tools/bin/../lib/gcc/arm-none-eabi/12.3.1/thumb/v7e-m+fp/hard/libgcc.a(_udivmoddi4.o)
                0x20000040                __udivmoddi4
 .text          0x200002fc        0x4 /Applications/STM32CubeIDE.app/Contents/Eclipse/plugins/com.st.stm32cube.ide.mcu.externaltools.gnu-tools-for-stm32.12.3.rel1.macos64_1.0.100.202403111906/tools/bin/../lib/gcc/arm-none-eabi/12.3.1/thumb/v7e-m+fp/hard/libgcc.a(_dvmd_tls.o)
                0x200002fc                __aeabi_ldiv0
                0x200002fc                __aeabi_idiv0
 *(.text*)
 .text.Reset_Handler
                0x20000300       0xf8 ./cfe/arch/arm/init_arm.o
                0x20000300                Reset_Handler
 .text.__atox   0x200003f8       0xac ./cfe/arch/arm/lib_printf.o
 .text.__llatox
                0x200004a4       0xc2 ./cfe/arch/arm/lib_printf.o
 *fill*         0x20000566        0x2 
 .text.xvsprintf
                0x20000568      0x694 ./cfe/arch/arm/lib_printf.o
                0x20000568                xvsprintf
 .text.xsprintf
                0x20000bfc       0x2c ./cfe/arch/arm/lib_printf.o
                0x20000bfc                xsprintf
 .text.printf   0x20000c28       0x7a ./cfe/arch/arm/lib_printf.o
                0x20000c28                printf
 *fill*         0x20000ca2        0x2 
 .text.putc     0x20000ca4       0x3c ./cfe/arch/arm/lib_printf.o
                0x20000ca4                putc
 .text.puts     0x20000ce0       0x18 ./cfe/arch/arm/lib_printf.o
                0x20000ce0                puts
 .text.putchar  0x20000cf8       0x3c ./cfe/arch/arm/lib_printf.o
                0x20000cf8                putchar
 .text.stm32_uart_probe
                0x20000d34       0x22 ./cfe/board/stm32_board.o
 .text.stm32_uart_open
                0x20000d56       0x16 ./cfe/board/stm32_board.o
 .text.stm32_uart_read
                0x20000d6c       0x68 ./cfe/board/stm32_board.o
 .text.stm32_uart_inpstat
                0x20000dd4       0x3c ./cfe/board/stm32_board.o
 .text.stm32_uart_write
                0x20000e10       0x48 ./cfe/board/stm32_board.o
 .text.board_init
                0x20000e58       0x24 ./cfe/board/stm32_board.o
                0x20000e58                board_init
 .text.kmeminit
                0x20000e7c       0x5c ./cfe/lib/lib_malloc.o
                0x20000e7c                kmeminit
 .text.kmemcompact
                0x20000ed8       0x88 ./cfe/lib/lib_malloc.o
 .text.kfree    0x20000f60       0x58 ./cfe/lib/lib_malloc.o
                0x20000f60                kfree
 .text.lib_outofmemory
                0x20000fb8        0xe ./cfe/lib/lib_malloc.o
                0x20000fb8                lib_outofmemory
 *fill*         0x20000fc6        0x2 
 .text.kmalloc  0x20000fc8      0x180 ./cfe/lib/lib_malloc.o
                0x20000fc8                kmalloc
 .text.q_enqueue
                0x20001148       0x32 ./cfe/lib/lib_queue.o
                0x20001148                q_enqueue
 .text.q_dequeue
                0x2000117a       0x28 ./cfe/lib/lib_queue.o
                0x2000117a                q_dequeue
 .text.q_deqnext
                0x200011a2       0x3e ./cfe/lib/lib_queue.o
                0x200011a2                q_deqnext
 .text.q_count  0x200011e0       0x36 ./cfe/lib/lib_queue.o
                0x200011e0                q_count
 .text.lib_strcpy
                0x20001216       0x3c ./cfe/lib/lib_string.o
                0x20001216                lib_strcpy
 .text.lib_xstrncpy
                0x20001252       0x54 ./cfe/lib/lib_string.o
                0x20001252                lib_xstrncpy
 .text.lib_strlen
                0x200012a6       0x30 ./cfe/lib/lib_string.o
                0x200012a6                lib_strlen
 .text.lib_strcmp
                0x200012d6       0x82 ./cfe/lib/lib_string.o
                0x200012d6                lib_strcmp
 .text.lib_strchr
                0x20001358       0x38 ./cfe/lib/lib_string.o
                0x20001358                lib_strchr
 .text.lib_memcpy
                0x20001390       0x40 ./cfe/lib/lib_string.o
                0x20001390                lib_memcpy
 .text.lib_memset
                0x200013d0       0x38 ./cfe/lib/lib_string.o
                0x200013d0                lib_memset
 .text.lib_strcat
                0x20001408       0x4c ./cfe/lib/lib_string.o
                0x20001408                lib_strcat
 .text.lib_atoi
                0x20001454       0x70 ./cfe/lib/lib_string.o
                0x20001454                lib_atoi
 .text.lib_xtoi
                0x200014c4       0x9c ./cfe/lib/lib_string.o
                0x200014c4                lib_xtoi
 .text.lib_strdup
                0x20001560       0x3c ./cfe/lib/lib_string2.o
                0x20001560                lib_strdup
 .text.cfe_finddev
                0x2000159c       0x48 ./cfe/main/cfe_attach.o
                0x2000159c                cfe_finddev
 .text.cfe_dev_enum
                0x200015e4       0x68 ./cfe/main/cfe_attach.o
                0x200015e4                cfe_dev_enum
 .text.cfe_attach_idx
                0x2000164c       0xcc ./cfe/main/cfe_attach.o
                0x2000164c                cfe_attach_idx
 .text.cfe_attach
                0x20001718       0x4e ./cfe/main/cfe_attach.o
                0x20001718                cfe_attach
 *fill*         0x20001766        0x2 
 .text.cfe_attach_init
                0x20001768       0x20 ./cfe/main/cfe_attach.o
                0x20001768                cfe_attach_init
 .text.cfe_bg_init
                0x20001788       0x18 ./cfe/main/cfe_background.o
                0x20001788                cfe_bg_init
 .text.cfe_bg_add
                0x200017a0       0x50 ./cfe/main/cfe_background.o
                0x200017a0                cfe_bg_add
 .text.background
                0x200017f0       0x4c ./cfe/main/cfe_background.o
                0x200017f0                background
 .text.console_open
                0x2000183c       0x68 ./cfe/main/cfe_console.o
                0x2000183c                console_open
 .text.console_close
                0x200018a4       0x2c ./cfe/main/cfe_console.o
                0x200018a4                console_close
 .text.console_read
                0x200018d0       0x38 ./cfe/main/cfe_console.o
                0x200018d0                console_read
 .text.console_write
                0x20001908       0x80 ./cfe/main/cfe_console.o
                0x20001908                console_write
 .text.console_status
                0x20001988       0x28 ./cfe/main/cfe_console.o
                0x20001988                console_status
 .text.console_xprint
                0x200019b0       0x6c ./cfe/main/cfe_console.o
 .text.cfe_set_console
                0x20001a1c       0x64 ./cfe/main/cfe_console.o
                0x20001a1c                cfe_set_console
 .text.console_flushbuffer
                0x20001a80       0x78 ./cfe/main/cfe_console.o
 .text.console_save
                0x20001af8       0xbc ./cfe/main/cfe_console.o
 .text.console_readnum
                0x20001bb4       0x58 ./cfe/main/cfe_console.o
 .text.console_readkey
                0x20001c0c      0x220 ./cfe/main/cfe_console.o
                0x20001c0c                console_readkey
 .text.console_backspace
                0x20001e2c       0x34 ./cfe/main/cfe_console.o
 .text.console_whiteout
                0x20001e60       0x54 ./cfe/main/cfe_console.o
 .text.console_eraseeol
                0x20001eb4       0x14 ./cfe/main/cfe_console.o
 .text.console_crlf
                0x20001ec8       0x14 ./cfe/main/cfe_console.o
 .text.console_readline_default
                0x20001edc      0x9bc ./cfe/main/cfe_console.o
                0x20001edc                console_readline_default
 .text.console_readline
                0x20002898       0x26 ./cfe/main/cfe_console.o
                0x20002898                console_readline
 .text.cfe_strlen
                0x200028be       0x30 ./cfe/main/cfe_devfuncs.o
 .text.cfe_open
                0x200028ee       0x54 ./cfe/main/cfe_devfuncs.o
                0x200028ee                cfe_open
 .text.cfe_close
                0x20002942       0x30 ./cfe/main/cfe_devfuncs.o
                0x20002942                cfe_close
 .text.cfe_readblk
                0x20002972       0x52 ./cfe/main/cfe_devfuncs.o
                0x20002972                cfe_readblk
 .text.cfe_read
                0x200029c4       0x2c ./cfe/main/cfe_devfuncs.o
                0x200029c4                cfe_read
 .text.cfe_writeblk
                0x200029f0       0x52 ./cfe/main/cfe_devfuncs.o
                0x200029f0                cfe_writeblk
 .text.cfe_write
                0x20002a42       0x2c ./cfe/main/cfe_devfuncs.o
                0x20002a42                cfe_write
 .text.cfe_inpstat
                0x20002a6e       0x3e ./cfe/main/cfe_devfuncs.o
                0x20002a6e                cfe_inpstat
 .text.cfe_getdevinfo
                0x20002aac       0x54 ./cfe/main/cfe_devfuncs.o
                0x20002aac                cfe_getdevinfo
 .text.hsgetstr
                0x20002b00       0x46 ./cfe/main/cfe_iocb_dispatch.o
 *fill*         0x20002b46        0x2 
 .text.cfe_iocb_dispatch
                0x20002b48       0xd0 ./cfe/main/cfe_iocb_dispatch.o
                0x20002b48                cfe_iocb_dispatch
 .text.cfe_newhandle
                0x20002c18       0x48 ./cfe/main/cfe_iocb_dispatch.o
 .text.cfe_cmd_fw_getinfo
                0x20002c60       0xac ./cfe/main/cfe_iocb_dispatch.o
 .text.cfe_cmd_fw_restart
                0x20002d0c       0x18 ./cfe/main/cfe_iocb_dispatch.o
 .text.cfe_cmd_fw_boot
                0x20002d24       0x1a ./cfe/main/cfe_iocb_dispatch.o
 .text.cfe_cmd_fw_cpuctl
                0x20002d3e       0x1a ./cfe/main/cfe_iocb_dispatch.o
 .text.cfe_cmd_fw_gettime
                0x20002d58       0x28 ./cfe/main/cfe_iocb_dispatch.o
 .text.cfe_cmd_fw_memenum
                0x20002d80       0x6a ./cfe/main/cfe_iocb_dispatch.o
 .text.cfe_cmd_fw_flushcache
                0x20002dea       0x18 ./cfe/main/cfe_iocb_dispatch.o
 .text.cfe_cmd_dev_enum
                0x20002e02       0x40 ./cfe/main/cfe_iocb_dispatch.o
 *fill*         0x20002e42        0x2 
 .text.cfe_cmd_dev_gethandle
                0x20002e44       0x44 ./cfe/main/cfe_iocb_dispatch.o
 .text.cfe_cmd_dev_open
                0x20002e88       0xd4 ./cfe/main/cfe_iocb_dispatch.o
 .text.cfe_cmd_dev_inpstat
                0x20002f5c       0x28 ./cfe/main/cfe_iocb_dispatch.o
 .text.cfe_cmd_dev_read
                0x20002f84       0x28 ./cfe/main/cfe_iocb_dispatch.o
 .text.cfe_cmd_dev_write
                0x20002fac       0x28 ./cfe/main/cfe_iocb_dispatch.o
 .text.cfe_cmd_dev_ioctl
                0x20002fd4       0x28 ./cfe/main/cfe_iocb_dispatch.o
 .text.cfe_cmd_dev_close
                0x20002ffc       0x48 ./cfe/main/cfe_iocb_dispatch.o
 .text.cfe_cmd_dev_getinfo
                0x20003044       0x60 ./cfe/main/cfe_iocb_dispatch.o
 .text.cfe_cmd_env_enum
                0x200030a4       0x4a ./cfe/main/cfe_iocb_dispatch.o
 .text.cfe_cmd_env_get
                0x200030ee       0x3c ./cfe/main/cfe_iocb_dispatch.o
 .text.cfe_cmd_env_set
                0x2000312a       0x5c ./cfe/main/cfe_iocb_dispatch.o
 .text.cfe_cmd_env_del
                0x20003186       0x42 ./cfe/main/cfe_iocb_dispatch.o
 .text.cfe_setup_default_env
                0x200031c8       0x80 ./cfe/main/cfe_main.o
 .text.cfe_init_ui
                0x20003248       0x10 ./cfe/main/cfe_main.o
 .text.cfe_leds
                0x20003258       0x14 ./cfe/main/cfe_main.o
                0x20003258                cfe_leds
 .text.cfe_ledstr
                0x2000326c       0x3a ./cfe/main/cfe_main.o
                0x2000326c                cfe_ledstr
 *fill*         0x200032a6        0x2 
 .text.cfe_say_hello
                0x200032a8       0x18 ./cfe/main/cfe_main.o
 .text.cfe_startup_info
                0x200032c0        0xe ./cfe/main/cfe_main.o
 *fill*         0x200032ce        0x2 
 .text.cfe_main
                0x200032d0       0xbc ./cfe/main/cfe_main.o
                0x200032d0                cfe_main
 .text.cfe_command_loop
                0x2000338c       0x68 ./cfe/main/cfe_main.o
                0x2000338c                cfe_command_loop
 .text.cfe_arena_init
                0x200033f4        0xe ./cfe/main/cfe_mem.o
                0x200033f4                cfe_arena_init
 *fill*         0x20003402        0x2 
 .text.cfe_arena_enum
                0x20003404       0x84 ./cfe/main/cfe_mem.o
                0x20003404                cfe_arena_enum
 .text._getticks
                0x20003488       0x12 ./cfe/main/cfe_timer.o
                0x20003488                _getticks
 *fill*         0x2000349a        0x2 
 .text.cfe_timer_task
                0x2000349c       0xc0 ./cfe/main/cfe_timer.o
 .text.cfe_timer_init
                0x2000355c       0xac ./cfe/main/cfe_timer.o
                0x2000355c                cfe_timer_init
 .text.env_findenv
                0x20003608       0x54 ./cfe/main/env_subr.o
 .text.env_enum
                0x2000365c       0x80 ./cfe/main/env_subr.o
                0x2000365c                env_enum
 .text.env_envtype
                0x200036dc       0x28 ./cfe/main/env_subr.o
                0x200036dc                env_envtype
 .text.env_delenv
                0x20003704       0x48 ./cfe/main/env_subr.o
                0x20003704                env_delenv
 .text.env_getenv
                0x2000374c       0x26 ./cfe/main/env_subr.o
                0x2000374c                env_getenv
 *fill*         0x20003772        0x2 
 .text.env_setenv
                0x20003774       0xc8 ./cfe/main/env_subr.o
                0x20003774                env_setenv
 .text.env_save
                0x2000383c       0x10 ./cfe/main/env_subr.o
                0x2000383c                env_save
 .text.ui_do_one_command
                0x2000384c       0xd8 ./cfe/ui/ui_cmddisp.o
 .text.ui_init_cmddisp
                0x20003924        0xe ./cfe/ui/ui_cmddisp.o
                0x20003924                ui_init_cmddisp
 .text.ui_showusage
                0x20003932       0x1a ./cfe/ui/ui_cmddisp.o
                0x20003932                ui_showusage
 .text.ui_docommands_internal
                0x2000394c       0xd0 ./cfe/ui/ui_cmddisp.o
 .text.ui_docommands
                0x20003a1c       0x3e ./cfe/ui/ui_cmddisp.o
                0x20003a1c                ui_docommands
 *fill*         0x20003a5a        0x2 
 .text.is_white_space
                0x20003a5c       0x30 ./cfe/ui/ui_command.o
 .text.cmd_sw_value
                0x20003a8c       0x6c ./cfe/ui/ui_command.o
                0x20003a8c                cmd_sw_value
 .text.cmd_sw_name
                0x20003af8       0x40 ./cfe/ui/ui_command.o
                0x20003af8                cmd_sw_name
 .text.cmd_sw_isset
                0x20003b38       0x52 ./cfe/ui/ui_command.o
                0x20003b38                cmd_sw_isset
 .text.cmd_getarg
                0x20003b8a       0x40 ./cfe/ui/ui_command.o
                0x20003b8a                cmd_getarg
 *fill*         0x20003bca        0x2 
 .text.cmd_free
                0x20003bcc       0x80 ./cfe/ui/ui_command.o
                0x20003bcc                cmd_free
 .text.cmd_sw_validate
                0x20003c4c      0x150 ./cfe/ui/ui_command.o
                0x20003c4c                cmd_sw_validate
 .text.cmd_findword
                0x20003d9c       0x38 ./cfe/ui/ui_command.o
 .text.cmd_build_cmdline
                0x20003dd4      0x15c ./cfe/ui/ui_command.o
                0x20003dd4                cmd_build_cmdline
 .text.cmd_addcmd
                0x20003f30       0xf8 ./cfe/ui/ui_command.o
                0x20003f30                cmd_addcmd
 .text._dumpindented
                0x20004028       0x84 ./cfe/ui/ui_command.o
 .text._dumpswitches
                0x200040ac       0xcc ./cfe/ui/ui_command.o
 .text._dumpcmds
                0x20004178      0x108 ./cfe/ui/ui_command.o
 .text.dumpcmds
                0x20004280       0x24 ./cfe/ui/ui_command.o
 .text._showpossible
                0x200042a4       0xb4 ./cfe/ui/ui_command.o
 .text.cmd_help
                0x20004358      0x140 ./cfe/ui/ui_command.o
 .text.cmd_init
                0x20004498       0x40 ./cfe/ui/ui_command.o
                0x20004498                cmd_init
 .text.cmd_lookup
                0x200044d8      0x140 ./cfe/ui/ui_command.o
                0x200044d8                cmd_lookup
 .text.cmd_showusage
                0x20004618       0x48 ./cfe/ui/ui_command.o
                0x20004618                cmd_showusage
 .text.cmd_eat_leading_white
                0x20004660       0x48 ./cfe/ui/ui_command.o
 .text.cmd_readcommand
                0x200046a8      0x114 ./cfe/ui/ui_command.o
                0x200046a8                cmd_readcommand
 .text.make_token
                0x200047bc       0x44 ./cfe/ui/ui_command.o
 .text.cmd_build_list
                0x20004800      0x13c ./cfe/ui/ui_command.o
                0x20004800                cmd_build_list
 .text.is_command_separator
                0x2000493c       0x5e ./cfe/ui/ui_command.o
 *fill*         0x2000499a        0x2 
 .text.cmd_eat_quoted_arg
                0x2000499c      0x12c ./cfe/ui/ui_command.o
 .text.cmd_append_tokens
                0x20004ac8       0x3c ./cfe/ui/ui_command.o
 .text.cmd_walk_and_expand
                0x20004b04      0x114 ./cfe/ui/ui_command.o
                0x20004b04                cmd_walk_and_expand
 .text.cmd_free_tokens
                0x20004c18       0x30 ./cfe/ui/ui_command.o
                0x20004c18                cmd_free_tokens
 .text.ui_init_misccmds
                0x20004c48      0x13c ./cfe/ui/ui_misccmds.o
                0x20004c48                ui_init_misccmds
 .text.ui_cmd_sleep
                0x20004d84       0x7c ./cfe/ui/ui_misccmds.o
 .text.ui_cmd_loop
                0x20004e00       0xa0 ./cfe/ui/ui_misccmds.o
 .text.ui_cmd_console
                0x20004ea0       0x70 ./cfe/ui/ui_misccmds.o
 .text.ui_cmd_display
                0x20004f10       0x6c ./cfe/ui/ui_misccmds.o
 .text.ui_cmd_edit
                0x20004f7c       0x6c ./cfe/ui/ui_misccmds.o
 .text.ui_cmd_printten
                0x20004fe8       0x34 ./cfe/ui/ui_misccmds.o
 .text.LED_Init
                0x2000501c       0x54 ./cfe/ui/ui_misccmds.o
                0x2000501c                LED_Init
 .text.ui_cmd_LED
                0x20005070       0x6c ./cfe/ui/ui_misccmds.o
 .text.LEDB_Init
                0x200050dc       0x5c ./cfe/ui/ui_misccmds.o
                0x200050dc                LEDB_Init
 .text.ui_cmd_LEDB
                0x20005138       0x6c ./cfe/ui/ui_misccmds.o
 .text.ui_cmd_joystick
                0x200051a4       0x1a ./cfe/ui/ui_misccmds.o
 *(.glue_7)
 .glue_7        0x200051be        0x0 linker stubs
 *(.glue_7t)
 .glue_7t       0x200051be        0x0 linker stubs
 *(.eh_frame)
 *(.RamFunc)
 *(.RamFunc*)
                0x200051c0                        . = ALIGN (0x4)
 *fill*         0x200051be        0x2 
                0x200051c0                        _etext = .

.vfp11_veneer   0x200051c0        0x0
 .vfp11_veneer  0x200051c0        0x0 linker stubs

.v4_bx          0x200051c0        0x0
 .v4_bx         0x200051c0        0x0 linker stubs

.init           0x200051c0        0x4
 .init          0x200051c0        0x4 /Applications/STM32CubeIDE.app/Contents/Eclipse/plugins/com.st.stm32cube.ide.mcu.externaltools.gnu-tools-for-stm32.12.3.rel1.macos64_1.0.100.202403111906/tools/bin/../lib/gcc/arm-none-eabi/12.3.1/thumb/v7e-m+fp/hard/crti.o
                0x200051c0                _init

.fini           0x200051c4        0x4
 .fini          0x200051c4        0x4 /Applications/STM32CubeIDE.app/Contents/Eclipse/plugins/com.st.stm32cube.ide.mcu.externaltools.gnu-tools-for-stm32.12.3.rel1.macos64_1.0.100.202403111906/tools/bin/../lib/gcc/arm-none-eabi/12.3.1/thumb/v7e-m+fp/hard/crti.o
                0x200051c4                _fini

.iplt           0x200051c8        0x0
 .iplt          0x200051c8        0x0 ./cfe/arch/arm/init_arm.o

.rodata         0x200051c8      0xa44
                0x200051c8                        . = ALIGN (0x4)
 *(.rodata)
 .rodata        0x200051c8        0x7 ./cfe/arch/arm/lib_printf.o
 *fill*         0x200051cf        0x1 
 .rodata        0x200051d0       0x1a ./cfe/board/stm32_board.o
 *fill*         0x200051ea        0x2 
 .rodata        0x200051ec        0xa ./cfe/main/cfe_attach.o
 *fill*         0x200051f6        0x2 
 .rodata        0x200051f8       0x48 ./cfe/main/cfe_console.o
 .rodata        0x20005240      0x14d ./cfe/main/cfe_main.o
 *fill*         0x2000538d        0x3 
 .rodata        0x20005390       0x1c ./cfe/ui/ui_cmddisp.o
 .rodata        0x200053ac      0x252 ./cfe/ui/ui_command.o
 *fill*         0x200055fe        0x2 
 .rodata        0x20005600      0x443 ./cfe/ui/ui_misccmds.o
 *(.rodata*)
 *fill*         0x20005a43        0x1 
 .rodata.digits
                0x20005a44       0x11 ./cfe/arch/arm/lib_printf.o
 *fill*         0x20005a55        0x3 
 .rodata.ldigits
                0x20005a58       0x11 ./cfe/arch/arm/lib_printf.o
 *fill*         0x20005a69        0x3 
 .rodata.stm32_uart_dispatch
                0x20005a6c       0x20 ./cfe/board/stm32_board.o
 .rodata.cfe_cmd_dispatch_table
                0x20005a8c      0x180 ./cfe/main/cfe_iocb_dispatch.o
                0x20005c0c                        . = ALIGN (0x4)
                0x20005c14                        _sidata = LOADADDR (.data)

.ARM.exidx      0x20005c0c        0x8
 .ARM.exidx     0x20005c0c        0x8 /Applications/STM32CubeIDE.app/Contents/Eclipse/plugins/com.st.stm32cube.ide.mcu.externaltools.gnu-tools-for-stm32.12.3.rel1.macos64_1.0.100.202403111906/tools/bin/../lib/gcc/arm-none-eabi/12.3.1/thumb/v7e-m+fp/hard/libgcc.a(_udivmoddi4.o)

.rel.dyn        0x20005c14        0x0
 .rel.iplt      0x20005c14        0x0 ./cfe/arch/arm/init_arm.o

.data           0x20005c14       0x40
                0x20005c14                        . = ALIGN (0x4)
                0x20005c14                        _sdata = .
 *(.data)
 *(.data*)
 .data.stm32_uart
                0x20005c14       0x14 ./cfe/board/stm32_board.o
                0x20005c14                stm32_uart
 .data.cfe_devices
                0x20005c28        0x8 ./cfe/main/cfe_attach.o
                0x20005c28                cfe_devices
 .data.console_msgq
                0x20005c30        0x8 ./cfe/main/cfe_console.o
                0x20005c30                console_msgq
 .data.console_handle
                0x20005c38        0x4 ./cfe/main/cfe_console.o
                0x20005c38                console_handle
 .data.cfe_boardname
                0x20005c3c        0x4 ./cfe/main/cfe_main.o
                0x20005c3c                cfe_boardname
 .data.mem_totalsize
                0x20005c40        0x4 ./cfe/main/cfe_main.o
                0x20005c40                mem_totalsize
 .data.env_envvars
                0x20005c44        0x8 ./cfe/main/env_subr.o
                0x20005c44                env_envvars
 .data.tokenbreaks
                0x20005c4c        0x4 ./cfe/ui/ui_command.o
 .data.spacechars
                0x20005c50        0x4 ./cfe/ui/ui_command.o
                0x20005c54                        . = ALIGN (0x4)
                0x20005c54                        _edata = .

.igot.plt       0x20005c54        0x0
 .igot.plt      0x20005c54        0x0 ./cfe/arch/arm/init_arm.o
                0x20005c54                        . = ALIGN (0x4)

.bss            0x20005c58      0x270
                0x20005c58                        _sbss = .
                0x20005c58                        __bss_start__ = _sbss
 *(.bss)
 *(.bss*)
 .bss.xprinthook
                0x20005c58        0x4 ./cfe/arch/arm/lib_printf.o
                0x20005c58                xprinthook
 .bss.kmempool  0x20005c5c        0xc ./cfe/lib/lib_malloc.o
                0x20005c5c                kmempool
 .bss.cfe_bg_tasklist
                0x20005c68       0x40 ./cfe/main/cfe_background.o
 .bss.cfe_bg_args
                0x20005ca8       0x40 ./cfe/main/cfe_background.o
 .bss.console_nextsave
                0x20005ce8        0x4 ./cfe/main/cfe_console.o
                0x20005ce8                console_nextsave
 .bss.console_savedlines
                0x20005cec       0x78 ./cfe/main/cfe_console.o
                0x20005cec                console_savedlines
 .bss.console_killbuffer
                0x20005d64        0x4 ./cfe/main/cfe_console.o
 .bss.console_buffer_flg
                0x20005d68        0x4 ./cfe/main/cfe_console.o
 .bss.console_mode
                0x20005d6c        0x4 ./cfe/main/cfe_console.o
 .bss.console_name
                0x20005d70        0x4 ./cfe/main/cfe_console.o
                0x20005d70                console_name
 .bss.console_inreadline
                0x20005d74        0x4 ./cfe/main/cfe_console.o
 .bss.console_redisplay
                0x20005d78        0x4 ./cfe/main/cfe_console.o
 .bss.cfe_handle_table
                0x20005d7c      0x100 ./cfe/main/cfe_iocb_dispatch.o
                0x20005d7c                cfe_handle_table
 *fill*         0x20005e7c        0x4 
 .bss.cfe_arena
                0x20005e80       0x18 ./cfe/main/cfe_mem.o
                0x20005e80                cfe_arena
 .bss.mem_bootarea_start
                0x20005e98        0x4 ./cfe/main/cfe_mem.o
                0x20005e98                mem_bootarea_start
 .bss.mem_bootarea_size
                0x20005e9c        0x4 ./cfe/main/cfe_mem.o
                0x20005e9c                mem_bootarea_size
 .bss.cfe_ticks
                0x20005ea0        0x8 ./cfe/main/cfe_timer.o
                0x20005ea0                cfe_ticks
 .bss.cfe_cpu_speed
                0x20005ea8        0x4 ./cfe/main/cfe_timer.o
                0x20005ea8                cfe_cpu_speed
 .bss.cfe_clocks_per_Kns
                0x20005eac        0x4 ./cfe/main/cfe_timer.o
 .bss.cfe_clocks_per_usec
                0x20005eb0        0x4 ./cfe/main/cfe_timer.o
 .bss.cfe_clocks_per_tick
                0x20005eb4        0x4 ./cfe/main/cfe_timer.o
 .bss.cfe_oldcount
                0x20005eb8        0x4 ./cfe/main/cfe_timer.o
 .bss.cfe_remticks
                0x20005ebc        0x4 ./cfe/main/cfe_timer.o
 .bss.cfe_timer_initflg
                0x20005ec0        0x4 ./cfe/main/cfe_timer.o
 .bss.cmd_root  0x20005ec4        0x4 ./cfe/ui/ui_command.o
                0x20005ec4                cmd_root
 *(COMMON)
                0x20005ec8                        . = ALIGN (0x4)
                0x20005ec8                        _ebss = .
                0x20005ec8                        __bss_end__ = _ebss

._user_heap_stack
                0x20005ec8      0x600
                0x20005ec8                        . = ALIGN (0x8)
                [!provide]                        PROVIDE (end = .)
                [!provide]                        PROVIDE (_end = .)
                0x200060c8                        . = (. + _Min_Heap_Size)
 *fill*         0x20005ec8      0x200 
                0x200064c8                        . = (. + _Min_Stack_Size)
 *fill*         0x200060c8      0x400 
                0x200064c8                        . = ALIGN (0x8)
OUTPUT(test2.elf elf32-littlearm)
LOAD linker stubs

.ARM.attributes
                0x00000000       0x30
 .ARM.attributes
                0x00000000       0x22 /Applications/STM32CubeIDE.app/Contents/Eclipse/plugins/com.st.stm32cube.ide.mcu.externaltools.gnu-tools-for-stm32.12.3.rel1.macos64_1.0.100.202403111906/tools/bin/../lib/gcc/arm-none-eabi/12.3.1/thumb/v7e-m+fp/hard/crti.o
 .ARM.attributes
                0x00000022       0x21 ./cfe/arch/arm/init_arm.o
 .ARM.attributes
                0x00000043       0x34 ./cfe/arch/arm/lib_printf.o
 .ARM.attributes
                0x00000077       0x34 ./cfe/board/stm32_board.o
 .ARM.attributes
                0x000000ab       0x34 ./cfe/lib/lib_malloc.o
 .ARM.attributes
                0x000000df       0x34 ./cfe/lib/lib_queue.o
 .ARM.attributes
                0x00000113       0x34 ./cfe/lib/lib_string.o
 .ARM.attributes
                0x00000147       0x34 ./cfe/lib/lib_string2.o
 .ARM.attributes
                0x0000017b       0x34 ./cfe/main/cfe_attach.o
 .ARM.attributes
                0x000001af       0x34 ./cfe/main/cfe_background.o
 .ARM.attributes
                0x000001e3       0x34 ./cfe/main/cfe_console.o
 .ARM.attributes
                0x00000217       0x34 ./cfe/main/cfe_devfuncs.o
 .ARM.attributes
                0x0000024b       0x34 ./cfe/main/cfe_iocb_dispatch.o
 .ARM.attributes
                0x0000027f       0x34 ./cfe/main/cfe_main.o
 .ARM.attributes
                0x000002b3       0x34 ./cfe/main/cfe_mem.o
 .ARM.attributes
                0x000002e7       0x34 ./cfe/main/cfe_timer.o
 .ARM.attributes
                0x0000031b       0x34 ./cfe/main/env_subr.o
 .ARM.attributes
                0x0000034f       0x34 ./cfe/ui/ui_cmddisp.o
 .ARM.attributes
                0x00000383       0x34 ./cfe/ui/ui_command.o
 .ARM.attributes
                0x000003b7       0x34 ./cfe/ui/ui_misccmds.o
 .ARM.attributes
                0x000003eb       0x22 /Applications/STM32CubeIDE.app/Contents/Eclipse/plugins/com.st.stm32cube.ide.mcu.externaltools.gnu-tools-for-stm32.12.3.rel1.macos64_1.0.100.202403111906/tools/bin/../lib/gcc/arm-none-eabi/12.3.1/thumb/v7e-m+fp/hard/libgcc.a(_aeabi_uldivmod.o)
 .ARM.attributes
                0x0000040d       0x34 /Applications/STM32CubeIDE.app/Contents/Eclipse/plugins/com.st.stm32cube.ide.mcu.externaltools.gnu-tools-for-stm32.12.3.rel1.macos64_1.0.100.202403111906/tools/bin/../lib/gcc/arm-none-eabi/12.3.1/thumb/v7e-m+fp/hard/libgcc.a(_udivmoddi4.o)
 .ARM.attributes
                0x00000441       0x22 /Applications/STM32CubeIDE.app/Contents/Eclipse/plugins/com.st.stm32cube.ide.mcu.externaltools.gnu-tools-for-stm32.12.3.rel1.macos64_1.0.100.202403111906/tools/bin/../lib/gcc/arm-none-eabi/12.3.1/thumb/v7e-m+fp/hard/libgcc.a(_dvmd_tls.o)

.comment        0x00000000       0x43
 .comment       0x00000000       0x43 ./cfe/arch/arm/lib_printf.o
                                 0x44 (size before relaxing)
 .comment       0x00000043       0x44 ./cfe/board/stm32_board.o
 .comment       0x00000043       0x44 ./cfe/lib/lib_malloc.o
 .comment       0x00000043       0x44 ./cfe/lib/lib_queue.o
 .comment       0x00000043       0x44 ./cfe/lib/lib_string.o
 .comment       0x00000043       0x44 ./cfe/lib/lib_string2.o
 .comment       0x00000043       0x44 ./cfe/main/cfe_attach.o
 .comment       0x00000043       0x44 ./cfe/main/cfe_background.o
 .comment       0x00000043       0x44 ./cfe/main/cfe_console.o
 .comment       0x00000043       0x44 ./cfe/main/cfe_devfuncs.o
 .comment       0x00000043       0x44 ./cfe/main/cfe_iocb_dispatch.o
 .comment       0x00000043       0x44 ./cfe/main/cfe_main.o
 .comment       0x00000043       0x44 ./cfe/main/cfe_mem.o
 .comment       0x00000043       0x44 ./cfe/main/cfe_timer.o
 .comment       0x00000043       0x44 ./cfe/main/env_subr.o
 .comment       0x00000043       0x44 ./cfe/ui/ui_cmddisp.o
 .comment       0x00000043       0x44 ./cfe/ui/ui_command.o
 .comment       0x00000043       0x44 ./cfe/ui/ui_misccmds.o

.debug_line     0x00000000     0x6108
 .debug_line    0x00000000       0x96 ./cfe/arch/arm/init_arm.o
 .debug_line    0x00000096      0x9a3 ./cfe/arch/arm/lib_printf.o
 .debug_line    0x00000a39      0x350 ./cfe/board/stm32_board.o
 .debug_line    0x00000d89      0x4a1 ./cfe/lib/lib_malloc.o
 .debug_line    0x0000122a      0x1ad ./cfe/lib/lib_queue.o
 .debug_line    0x000013d7      0x6c0 ./cfe/lib/lib_string.o
 .debug_line    0x00001a97      0x123 ./cfe/lib/lib_string2.o
 .debug_line    0x00001bba      0x3e1 ./cfe/main/cfe_attach.o
 .debug_line    0x00001f9b      0x295 ./cfe/main/cfe_background.o
 .debug_line    0x00002230      0xb97 ./cfe/main/cfe_console.o
 .debug_line    0x00002dc7      0x526 ./cfe/main/cfe_devfuncs.o
 .debug_line    0x000032ed      0x7a0 ./cfe/main/cfe_iocb_dispatch.o
 .debug_line    0x00003a8d      0x3ff ./cfe/main/cfe_main.o
 .debug_line    0x00003e8c      0x36e ./cfe/main/cfe_mem.o
 .debug_line    0x000041fa      0x3a0 ./cfe/main/cfe_timer.o
 .debug_line    0x0000459a      0x501 ./cfe/main/env_subr.o
 .debug_line    0x00004a9b      0x3ea ./cfe/ui/ui_cmddisp.o
 .debug_line    0x00004e85      0xd6d ./cfe/ui/ui_command.o
 .debug_line    0x00005bf2      0x516 ./cfe/ui/ui_misccmds.o

.debug_line_str
                0x00000000       0x55
 .debug_line_str
                0x00000000       0x55 ./cfe/arch/arm/init_arm.o

.debug_info     0x00000000     0x7016
 .debug_info    0x00000000       0x25 ./cfe/arch/arm/init_arm.o
 .debug_info    0x00000025      0x5ca ./cfe/arch/arm/lib_printf.o
 .debug_info    0x000005ef      0x5da ./cfe/board/stm32_board.o
 .debug_info    0x00000bc9      0x43c ./cfe/lib/lib_malloc.o
 .debug_info    0x00001005      0x24c ./cfe/lib/lib_queue.o
 .debug_info    0x00001251      0x5c5 ./cfe/lib/lib_string.o
 .debug_info    0x00001816      0x1c0 ./cfe/lib/lib_string2.o
 .debug_info    0x000019d6      0x6c2 ./cfe/main/cfe_attach.o
 .debug_info    0x00002098      0x1a3 ./cfe/main/cfe_background.o
 .debug_info    0x0000223b      0x9a2 ./cfe/main/cfe_console.o
 .debug_info    0x00002bdd      0x865 ./cfe/main/cfe_devfuncs.o
 .debug_info    0x00003442      0xfca ./cfe/main/cfe_iocb_dispatch.o
 .debug_info    0x0000440c      0x44b ./cfe/main/cfe_main.o
 .debug_info    0x00004857      0x2d2 ./cfe/main/cfe_mem.o
 .debug_info    0x00004b29      0x296 ./cfe/main/cfe_timer.o
 .debug_info    0x00004dbf      0x659 ./cfe/main/env_subr.o
 .debug_info    0x00005418      0x5f4 ./cfe/ui/ui_cmddisp.o
 .debug_info    0x00005a0c      0xe89 ./cfe/ui/ui_command.o
 .debug_info    0x00006895      0x781 ./cfe/ui/ui_misccmds.o

.debug_abbrev   0x00000000     0x227e
 .debug_abbrev  0x00000000       0x14 ./cfe/arch/arm/init_arm.o
 .debug_abbrev  0x00000014      0x239 ./cfe/arch/arm/lib_printf.o
 .debug_abbrev  0x0000024d      0x1a3 ./cfe/board/stm32_board.o
 .debug_abbrev  0x000003f0      0x1e9 ./cfe/lib/lib_malloc.o
 .debug_abbrev  0x000005d9      0x131 ./cfe/lib/lib_queue.o
 .debug_abbrev  0x0000070a      0x182 ./cfe/lib/lib_string.o
 .debug_abbrev  0x0000088c       0xfc ./cfe/lib/lib_string2.o
 .debug_abbrev  0x00000988      0x1e7 ./cfe/main/cfe_attach.o
 .debug_abbrev  0x00000b6f      0x11e ./cfe/main/cfe_background.o
 .debug_abbrev  0x00000c8d      0x2ab ./cfe/main/cfe_console.o
 .debug_abbrev  0x00000f38      0x16f ./cfe/main/cfe_devfuncs.o
 .debug_abbrev  0x000010a7      0x264 ./cfe/main/cfe_iocb_dispatch.o
 .debug_abbrev  0x0000130b      0x277 ./cfe/main/cfe_main.o
 .debug_abbrev  0x00001582      0x169 ./cfe/main/cfe_mem.o
 .debug_abbrev  0x000016eb      0x194 ./cfe/main/cfe_timer.o
 .debug_abbrev  0x0000187f      0x23d ./cfe/main/env_subr.o
 .debug_abbrev  0x00001abc      0x281 ./cfe/ui/ui_cmddisp.o
 .debug_abbrev  0x00001d3d      0x2ee ./cfe/ui/ui_command.o
 .debug_abbrev  0x0000202b      0x253 ./cfe/ui/ui_misccmds.o

.debug_aranges  0x00000000      0x808
 .debug_aranges
                0x00000000       0x20 ./cfe/arch/arm/init_arm.o
 .debug_aranges
                0x00000020       0x68 ./cfe/arch/arm/lib_printf.o
 .debug_aranges
                0x00000088       0x48 ./cfe/board/stm32_board.o
 .debug_aranges
                0x000000d0       0x58 ./cfe/lib/lib_malloc.o
 .debug_aranges
                0x00000128       0x48 ./cfe/lib/lib_queue.o
 .debug_aranges
                0x00000170       0xb0 ./cfe/lib/lib_string.o
 .debug_aranges
                0x00000220       0x30 ./cfe/lib/lib_string2.o
 .debug_aranges
                0x00000250       0x50 ./cfe/main/cfe_attach.o
 .debug_aranges
                0x000002a0       0x38 ./cfe/main/cfe_background.o
 .debug_aranges
                0x000002d8       0xb0 ./cfe/main/cfe_console.o
 .debug_aranges
                0x00000388       0x90 ./cfe/main/cfe_devfuncs.o
 .debug_aranges
                0x00000418       0xd8 ./cfe/main/cfe_iocb_dispatch.o
 .debug_aranges
                0x000004f0       0x70 ./cfe/main/cfe_main.o
 .debug_aranges
                0x00000560       0x30 ./cfe/main/cfe_mem.o
 .debug_aranges
                0x00000590       0x48 ./cfe/main/cfe_timer.o
 .debug_aranges
                0x000005d8       0x60 ./cfe/main/env_subr.o
 .debug_aranges
                0x00000638       0x58 ./cfe/ui/ui_cmddisp.o
 .debug_aranges
                0x00000690      0x100 ./cfe/ui/ui_command.o
 .debug_aranges
                0x00000790       0x78 ./cfe/ui/ui_misccmds.o

.debug_str      0x00000000     0x8742
 .debug_str     0x00000000       0x63 ./cfe/arch/arm/init_arm.o
 .debug_str     0x00000063     0x3d8b ./cfe/arch/arm/lib_printf.o
                               0x3fac (size before relaxing)
 .debug_str     0x00003dee     0x1c93 ./cfe/board/stm32_board.o
                               0x4cb1 (size before relaxing)
 .debug_str     0x00005a81      0x1e6 ./cfe/lib/lib_malloc.o
                               0x3369 (size before relaxing)
 .debug_str     0x00005c67       0x5a ./cfe/lib/lib_queue.o
                               0x2fda (size before relaxing)
 .debug_str     0x00005cc1      0x141 ./cfe/lib/lib_string.o
                               0x3016 (size before relaxing)
 .debug_str     0x00005e02       0x55 ./cfe/lib/lib_string2.o
                               0x3098 (size before relaxing)
 .debug_str     0x00005e57       0xa2 ./cfe/main/cfe_attach.o
                               0x4cd4 (size before relaxing)
 .debug_str     0x00005ef9       0x81 ./cfe/main/cfe_background.o
                               0x344e (size before relaxing)
 .debug_str     0x00005f7a      0x47f ./cfe/main/cfe_console.o
                               0x4f2f (size before relaxing)
 .debug_str     0x000063f9      0x35b ./cfe/main/cfe_devfuncs.o
                               0x4e0e (size before relaxing)
 .debug_str     0x00006754      0x643 ./cfe/main/cfe_iocb_dispatch.o
                               0x5685 (size before relaxing)
 .debug_str     0x00006d97      0xdae ./cfe/main/cfe_main.o
                               0x5a86 (size before relaxing)
 .debug_str     0x00007b45      0x1b4 ./cfe/main/cfe_mem.o
                               0x4d04 (size before relaxing)
 .debug_str     0x00007cf9      0x1db ./cfe/main/cfe_timer.o
                               0x4bce (size before relaxing)
 .debug_str     0x00007ed4       0xb7 ./cfe/main/env_subr.o
                               0x4ccb (size before relaxing)
 .debug_str     0x00007f8b      0x34e ./cfe/ui/ui_cmddisp.o
                               0x4fd5 (size before relaxing)
 .debug_str     0x000082d9      0x2a8 ./cfe/ui/ui_command.o
                               0x5095 (size before relaxing)
 .debug_str     0x00008581      0x1c1 ./cfe/ui/ui_misccmds.o
                               0x4d51 (size before relaxing)

.debug_rnglists
                0x00000000      0x5de
 .debug_rnglists
                0x00000000       0x4c ./cfe/arch/arm/lib_printf.o
 .debug_rnglists
                0x0000004c       0x31 ./cfe/board/stm32_board.o
 .debug_rnglists
                0x0000007d       0x40 ./cfe/lib/lib_malloc.o
 .debug_rnglists
                0x000000bd       0x31 ./cfe/lib/lib_queue.o
 .debug_rnglists
                0x000000ee       0x84 ./cfe/lib/lib_string.o
 .debug_rnglists
                0x00000172       0x1f ./cfe/lib/lib_string2.o
 .debug_rnglists
                0x00000191       0x38 ./cfe/main/cfe_attach.o
 .debug_rnglists
                0x000001c9       0x26 ./cfe/main/cfe_background.o
 .debug_rnglists
                0x000001ef       0x84 ./cfe/main/cfe_console.o
 .debug_rnglists
                0x00000273       0x67 ./cfe/main/cfe_devfuncs.o
 .debug_rnglists
                0x000002da       0xa0 ./cfe/main/cfe_iocb_dispatch.o
 .debug_rnglists
                0x0000037a       0x51 ./cfe/main/cfe_main.o
 .debug_rnglists
                0x000003cb       0x21 ./cfe/main/cfe_mem.o
 .debug_rnglists
                0x000003ec       0x33 ./cfe/main/cfe_timer.o
 .debug_rnglists
                0x0000041f       0x60 ./cfe/main/env_subr.o
 .debug_rnglists
                0x0000047f       0x3f ./cfe/ui/ui_cmddisp.o
 .debug_rnglists
                0x000004be       0xc9 ./cfe/ui/ui_command.o
 .debug_rnglists
                0x00000587       0x57 ./cfe/ui/ui_misccmds.o

.debug_macro    0x00000000     0x1a51
 .debug_macro   0x00000000       0x79 ./cfe/arch/arm/lib_printf.o
 .debug_macro   0x00000079       0x58 ./cfe/arch/arm/lib_printf.o
 .debug_macro   0x000000d1       0x22 ./cfe/arch/arm/lib_printf.o
 .debug_macro   0x000000f3       0x8e ./cfe/arch/arm/lib_printf.o
 .debug_macro   0x00000181       0x51 ./cfe/arch/arm/lib_printf.o
 .debug_macro   0x000001d2      0x103 ./cfe/arch/arm/lib_printf.o
 .debug_macro   0x000002d5       0x6a ./cfe/arch/arm/lib_printf.o
 .debug_macro   0x0000033f      0x1df ./cfe/arch/arm/lib_printf.o
 .debug_macro   0x0000051e       0xaa ./cfe/board/stm32_board.o
 .debug_macro   0x000005c8       0x22 ./cfe/board/stm32_board.o
 .debug_macro   0x000005ea       0x22 ./cfe/board/stm32_board.o
 .debug_macro   0x0000060c       0x9a ./cfe/board/stm32_board.o
 .debug_macro   0x000006a6       0x2e ./cfe/board/stm32_board.o
 .debug_macro   0x000006d4       0x16 ./cfe/board/stm32_board.o
 .debug_macro   0x000006ea       0x58 ./cfe/board/stm32_board.o
 .debug_macro   0x00000742      0x162 ./cfe/board/stm32_board.o
 .debug_macro   0x000008a4       0x10 ./cfe/board/stm32_board.o
 .debug_macro   0x000008b4      0x179 ./cfe/board/stm32_board.o
 .debug_macro   0x00000a2d       0xfa ./cfe/board/stm32_board.o
 .debug_macro   0x00000b27       0x88 ./cfe/board/stm32_board.o
 .debug_macro   0x00000baf       0x2e ./cfe/board/stm32_board.o
 .debug_macro   0x00000bdd       0x16 ./cfe/board/stm32_board.o
 .debug_macro   0x00000bf3       0x2e ./cfe/board/stm32_board.o
 .debug_macro   0x00000c21       0x2e ./cfe/board/stm32_board.o
 .debug_macro   0x00000c4f       0x47 ./cfe/lib/lib_malloc.o
 .debug_macro   0x00000c96       0x23 ./cfe/lib/lib_queue.o
 .debug_macro   0x00000cb9       0x2b ./cfe/lib/lib_string.o
 .debug_macro   0x00000ce4       0x2d ./cfe/lib/lib_string2.o
 .debug_macro   0x00000d11       0xb0 ./cfe/main/cfe_attach.o
 .debug_macro   0x00000dc1       0x44 ./cfe/main/cfe_background.o
 .debug_macro   0x00000e05       0xdd ./cfe/main/cfe_console.o
 .debug_macro   0x00000ee2       0xaa ./cfe/main/cfe_devfuncs.o
 .debug_macro   0x00000f8c       0xe3 ./cfe/main/cfe_iocb_dispatch.o
 .debug_macro   0x0000106f       0x4c ./cfe/main/cfe_iocb_dispatch.o
 .debug_macro   0x000010bb      0x108 ./cfe/main/cfe_main.o
 .debug_macro   0x000011c3       0x46 ./cfe/main/cfe_main.o
 .debug_macro   0x00001209      0x321 ./cfe/main/cfe_main.o
 .debug_macro   0x0000152a       0x2e ./cfe/main/cfe_main.o
 .debug_macro   0x00001558       0xf0 ./cfe/main/cfe_mem.o
 .debug_macro   0x00001648       0xc2 ./cfe/main/cfe_timer.o
 .debug_macro   0x0000170a       0xb3 ./cfe/main/env_subr.o
 .debug_macro   0x000017bd       0xce ./cfe/ui/ui_cmddisp.o
 .debug_macro   0x0000188b       0xd4 ./cfe/ui/ui_command.o
 .debug_macro   0x0000195f       0xf2 ./cfe/ui/ui_misccmds.o

.debug_frame    0x00000000     0x1eb8
 .debug_frame   0x00000000      0x1d0 ./cfe/arch/arm/lib_printf.o
 .debug_frame   0x000001d0       0xf0 ./cfe/board/stm32_board.o
 .debug_frame   0x000002c0      0x140 ./cfe/lib/lib_malloc.o
 .debug_frame   0x00000400       0xfc ./cfe/lib/lib_queue.o
 .debug_frame   0x000004fc      0x308 ./cfe/lib/lib_string.o
 .debug_frame   0x00000804       0x7c ./cfe/lib/lib_string2.o
 .debug_frame   0x00000880      0x10c ./cfe/main/cfe_attach.o
 .debug_frame   0x0000098c       0xa0 ./cfe/main/cfe_background.o
 .debug_frame   0x00000a2c      0x2bc ./cfe/main/cfe_console.o
 .debug_frame   0x00000ce8      0x230 ./cfe/main/cfe_devfuncs.o
 .debug_frame   0x00000f18      0x3a4 ./cfe/main/cfe_iocb_dispatch.o
 .debug_frame   0x000012bc      0x180 ./cfe/main/cfe_main.o
 .debug_frame   0x0000143c       0x88 ./cfe/main/cfe_mem.o
 .debug_frame   0x000014c4       0xf8 ./cfe/main/cfe_timer.o
 .debug_frame   0x000015bc      0x154 ./cfe/main/env_subr.o
 .debug_frame   0x00001710      0x140 ./cfe/ui/ui_cmddisp.o
 .debug_frame   0x00001850      0x434 ./cfe/ui/ui_command.o
 .debug_frame   0x00001c84      0x1d4 ./cfe/ui/ui_misccmds.o
 .debug_frame   0x00001e58       0x2c /Applications/STM32CubeIDE.app/Contents/Eclipse/plugins/com.st.stm32cube.ide.mcu.externaltools.gnu-tools-for-stm32.12.3.rel1.macos64_1.0.100.202403111906/tools/bin/../lib/gcc/arm-none-eabi/12.3.1/thumb/v7e-m+fp/hard/libgcc.a(_aeabi_uldivmod.o)
 .debug_frame   0x00001e84       0x34 /Applications/STM32CubeIDE.app/Contents/Eclipse/plugins/com.st.stm32cube.ide.mcu.externaltools.gnu-tools-for-stm32.12.3.rel1.macos64_1.0.100.202403111906/tools/bin/../lib/gcc/arm-none-eabi/12.3.1/thumb/v7e-m+fp/hard/libgcc.a(_udivmoddi4.o)
