../cfe/ui/ui_command.c:94:19:is_white_space	16	static
../cfe/ui/ui_command.c:99:5:cmd_sw_value	32	static
../cfe/ui/ui_command.c:113:5:cmd_sw_posn	24	static
../cfe/ui/ui_command.c:126:7:cmd_sw_name	16	static
../cfe/ui/ui_command.c:134:5:cmd_sw_isset	24	static
../cfe/ui/ui_command.c:147:7:cmd_getarg	16	static
../cfe/ui/ui_command.c:154:6:cmd_free	24	static
../cfe/ui/ui_command.c:170:5:cmd_sw_validate	48	static
../cfe/ui/ui_command.c:264:18:cmd_findword	16	static
../cfe/ui/ui_command.c:275:6:cmd_build_cmdline	32	static
../cfe/ui/ui_command.c:338:5:cmd_addcmd	48	static
../cfe/ui/ui_command.c:386:13:_dumpindented	32	static
../cfe/ui/ui_command.c:412:13:_dumpswitches	40	static
../cfe/ui/ui_command.c:446:13:_dumpcmds	32	static
../cfe/ui/ui_command.c:476:13:dumpcmds	96	static
../cfe/ui/ui_command.c:484:13:_showpossible	24	static
../cfe/ui/ui_command.c:508:12:cmd_help	40	static
../cfe/ui/ui_command.c:560:6:cmd_init	16	static
../cfe/ui/ui_command.c:576:5:cmd_lookup	32	static
../cfe/ui/ui_command.c:642:6:cmd_showusage	16	static
../cfe/ui/ui_command.c:654:13:cmd_eat_leading_white	24	static
../cfe/ui/ui_command.c:668:15:cmd_readcommand	40	static
../cfe/ui/ui_command.c:729:20:make_token	24	static
../cfe/ui/ui_command.c:739:6:cmd_build_list	32	static
../cfe/ui/ui_command.c:800:12:is_command_separator	24	static
../cfe/ui/ui_command.c:823:14:cmd_eat_quoted_arg	48	static
../cfe/ui/ui_command.c:889:13:cmd_append_tokens	32	static
../cfe/ui/ui_command.c:920:6:cmd_walk_and_expand	48	static
../cfe/ui/ui_command.c:978:6:cmd_free_tokens	24	static
