../cfe/main/cfe_iocb_dispatch.c:178:13:hsgetstr	32	static
../cfe/main/cfe_iocb_dispatch.c:195:6:cfe_device_poll	24	static
../cfe/main/cfe_iocb_dispatch.c:207:5:cfe_iocb_dispatch	32	static
../cfe/main/cfe_iocb_dispatch.c:267:12:cfe_newhandle	16	static
../cfe/main/cfe_iocb_dispatch.c:285:12:cfe_cmd_fw_getinfo	40	static
../cfe/main/cfe_iocb_dispatch.c:327:12:cfe_cmd_fw_restart	16	static
../cfe/main/cfe_iocb_dispatch.c:333:12:cfe_cmd_fw_boot	16	static
../cfe/main/cfe_iocb_dispatch.c:338:12:cfe_cmd_fw_cpuctl	16	static
../cfe/main/cfe_iocb_dispatch.c:368:12:cfe_cmd_fw_gettime	16	static
../cfe/main/cfe_iocb_dispatch.c:377:12:cfe_cmd_fw_memenum	56	static
../cfe/main/cfe_iocb_dispatch.c:405:12:cfe_cmd_fw_flushcache	16	static
../cfe/main/cfe_iocb_dispatch.c:411:12:cfe_cmd_dev_enum	24	static
../cfe/main/cfe_iocb_dispatch.c:428:12:cfe_cmd_dev_gethandle	16	static
../cfe/main/cfe_iocb_dispatch.c:441:12:cfe_cmd_dev_open	96	static
../cfe/main/cfe_iocb_dispatch.c:517:12:cfe_cmd_dev_inpstat	24	static
../cfe/main/cfe_iocb_dispatch.c:526:12:cfe_cmd_dev_read	24	static
../cfe/main/cfe_iocb_dispatch.c:535:12:cfe_cmd_dev_write	24	static
../cfe/main/cfe_iocb_dispatch.c:544:12:cfe_cmd_dev_ioctl	24	static
../cfe/main/cfe_iocb_dispatch.c:553:12:cfe_cmd_dev_close	16	static
../cfe/main/cfe_iocb_dispatch.c:582:12:cfe_cmd_dev_getinfo	88	static
../cfe/main/cfe_iocb_dispatch.c:611:12:cfe_cmd_env_enum	48	static
../cfe/main/cfe_iocb_dispatch.c:630:12:cfe_cmd_env_get	24	static
../cfe/main/cfe_iocb_dispatch.c:645:12:cfe_cmd_env_set	24	static
../cfe/main/cfe_iocb_dispatch.c:667:12:cfe_cmd_env_del	24	static
