../cfe/main/cfe_console.c:163:6:console_log	272	static
../cfe/main/cfe_console.c:190:5:console_open	24	static
../cfe/main/cfe_console.c:235:5:console_close	8	static
../cfe/main/cfe_console.c:259:5:console_read	16	static
../cfe/main/cfe_console.c:281:5:console_write	24	static
../cfe/main/cfe_console.c:330:5:console_status	8	static
../cfe/main/cfe_console.c:351:12:console_xprint	32	static
../cfe/main/cfe_console.c:391:5:console_readline_noedit	40	static
../cfe/main/cfe_console.c:500:5:cfe_set_console	24	static
../cfe/main/cfe_console.c:538:13:console_flushbuffer	24	static
../cfe/main/cfe_console.c:592:13:console_save	24	static
../cfe/main/cfe_console.c:659:13:console_readnum	24	static
../cfe/main/cfe_console.c:688:5:console_readkey	16	static
../cfe/main/cfe_console.c:797:13:console_backspace	24	static
../cfe/main/cfe_console.c:804:13:console_whiteout	24	static
../cfe/main/cfe_console.c:813:13:console_eraseeol	8	static
../cfe/main/cfe_console.c:818:13:console_crlf	8	static
../cfe/main/cfe_console.c:839:5:console_readline_default	80	static
../cfe/main/cfe_console.c:1127:5:console_readline	24	static
