../cfe/main/cfe_main.c:152:13:cfe_setup_default_env	96	static
../cfe/main/cfe_main.c:190:13:cfe_init_ui	8	static
../cfe/main/cfe_main.c:221:6:cfe_leds	16	static
../cfe/main/cfe_main.c:225:6:cfe_ledstr	24	static
../cfe/main/cfe_main.c:251:13:cfe_say_hello	8	static
../cfe/main/cfe_main.c:298:6:cfe_restart	8	static
../cfe/main/cfe_main.c:315:6:cfe_start	16	static
../cfe/main/cfe_main.c:342:13:cfe_startup_info	4	static
../cfe/main/cfe_main.c:400:6:cfe_main	16	static
../cfe/main/cfe_main.c:499:6:cfe_command_restart	16	static
../cfe/main/cfe_main.c:569:6:cfe_command_loop	320	static
