../cfe/arch/arm/lib_printf.c:81:12:__atox	48	static
../cfe/arch/arm/lib_printf.c:129:12:__llatox	64	static
../cfe/arch/arm/lib_printf.c:188:5:xvsprintf	120	static
../cfe/arch/arm/lib_printf.c:385:5:xsprintf	28	static
../cfe/arch/arm/lib_printf.c:413:5:printf	536	static
../cfe/arch/arm/lib_printf.c:432:5:xvprintf	536	static
../cfe/arch/arm/lib_printf.c:444:6:putstring	24	static
../cfe/arch/arm/lib_printf.c:451:6:putc	24	static
../cfe/arch/arm/lib_printf.c:461:6:puts	8	static
../cfe/arch/arm/lib_printf.c:465:6:putchar	24	static
